Component: ARM Compiler 5.06 update 5 (build 528) Tool: armlink [4d35e2]

==============================================================================

Section Cross References

    startup_stm32f103xb.o(RESET) refers to startup_stm32f103xb.o(STACK) for __initial_sp
    startup_stm32f103xb.o(RESET) refers to startup_stm32f103xb.o(.text) for Reset_Handler
    startup_stm32f103xb.o(RESET) refers to stm32f1xx_it.o(i.NMI_Handler) for NMI_Handler
    startup_stm32f103xb.o(RESET) refers to stm32f1xx_it.o(i.HardFault_Handler) for HardFault_Handler
    startup_stm32f103xb.o(RESET) refers to stm32f1xx_it.o(i.MemManage_Handler) for MemManage_Handler
    startup_stm32f103xb.o(RESET) refers to stm32f1xx_it.o(i.BusFault_Handler) for BusFault_Handler
    startup_stm32f103xb.o(RESET) refers to stm32f1xx_it.o(i.UsageFault_Handler) for UsageFault_Handler
    startup_stm32f103xb.o(RESET) refers to port.o(.emb_text) for SVC_Handler
    startup_stm32f103xb.o(RESET) refers to stm32f1xx_it.o(i.DebugMon_Handler) for DebugMon_Handler
    startup_stm32f103xb.o(RESET) refers to stm32f1xx_it.o(i.SysTick_Handler) for SysTick_Handler
    startup_stm32f103xb.o(RESET) refers to stm32f1xx_it.o(i.DMA1_Channel1_IRQHandler) for DMA1_Channel1_IRQHandler
    startup_stm32f103xb.o(.text) refers to system_stm32f1xx.o(i.SystemInit) for SystemInit
    startup_stm32f103xb.o(.text) refers to entry.o(.ARM.Collect$$$$00000000) for __main
    main.o(i.SystemClock_Config) refers to memseta.o(.text) for __aeabi_memclr4
    main.o(i.SystemClock_Config) refers to stm32f1xx_hal_rcc.o(i.HAL_RCC_OscConfig) for HAL_RCC_OscConfig
    main.o(i.SystemClock_Config) refers to main.o(i.Error_Handler) for Error_Handler
    main.o(i.SystemClock_Config) refers to stm32f1xx_hal_rcc.o(i.HAL_RCC_ClockConfig) for HAL_RCC_ClockConfig
    main.o(i.SystemClock_Config) refers to stm32f1xx_hal_rcc_ex.o(i.HAL_RCCEx_PeriphCLKConfig) for HAL_RCCEx_PeriphCLKConfig
    main.o(i.main) refers to stm32f1xx_hal.o(i.HAL_Init) for HAL_Init
    main.o(i.main) refers to main.o(i.SystemClock_Config) for SystemClock_Config
    main.o(i.main) refers to gpio.o(i.MX_GPIO_Init) for MX_GPIO_Init
    main.o(i.main) refers to dma.o(i.MX_DMA_Init) for MX_DMA_Init
    main.o(i.main) refers to usart.o(i.MX_USART1_UART_Init) for MX_USART1_UART_Init
    main.o(i.main) refers to spi.o(i.MX_SPI1_Init) for MX_SPI1_Init
    main.o(i.main) refers to adc.o(i.MX_ADC1_Init) for MX_ADC1_Init
    main.o(i.main) refers to strrchr.o(.text) for strrchr
    main.o(i.main) refers to printf8.o(i.__0printf$8) for __2printf
    main.o(i.main) refers to int_si24r1.o(i.SI24R1_Init) for SI24R1_Init
    main.o(i.main) refers to app_freertos.o(i.APP_FreeRTOS_Start) for APP_FreeRTOS_Start
    gpio.o(i.MX_GPIO_Init) refers to stm32f1xx_hal_gpio.o(i.HAL_GPIO_WritePin) for HAL_GPIO_WritePin
    gpio.o(i.MX_GPIO_Init) refers to stm32f1xx_hal_gpio.o(i.HAL_GPIO_Init) for HAL_GPIO_Init
    adc.o(i.HAL_ADC_MspDeInit) refers to stm32f1xx_hal_gpio.o(i.HAL_GPIO_DeInit) for HAL_GPIO_DeInit
    adc.o(i.HAL_ADC_MspDeInit) refers to stm32f1xx_hal_dma.o(i.HAL_DMA_DeInit) for HAL_DMA_DeInit
    adc.o(i.HAL_ADC_MspInit) refers to stm32f1xx_hal_gpio.o(i.HAL_GPIO_Init) for HAL_GPIO_Init
    adc.o(i.HAL_ADC_MspInit) refers to stm32f1xx_hal_dma.o(i.HAL_DMA_Init) for HAL_DMA_Init
    adc.o(i.HAL_ADC_MspInit) refers to main.o(i.Error_Handler) for Error_Handler
    adc.o(i.HAL_ADC_MspInit) refers to adc.o(.bss) for hdma_adc1
    adc.o(i.MX_ADC1_Init) refers to stm32f1xx_hal_adc.o(i.HAL_ADC_Init) for HAL_ADC_Init
    adc.o(i.MX_ADC1_Init) refers to main.o(i.Error_Handler) for Error_Handler
    adc.o(i.MX_ADC1_Init) refers to stm32f1xx_hal_adc.o(i.HAL_ADC_ConfigChannel) for HAL_ADC_ConfigChannel
    adc.o(i.MX_ADC1_Init) refers to adc.o(.bss) for hadc1
    dma.o(i.MX_DMA_Init) refers to stm32f1xx_hal_cortex.o(i.HAL_NVIC_SetPriority) for HAL_NVIC_SetPriority
    dma.o(i.MX_DMA_Init) refers to stm32f1xx_hal_cortex.o(i.HAL_NVIC_EnableIRQ) for HAL_NVIC_EnableIRQ
    spi.o(i.HAL_SPI_MspDeInit) refers to stm32f1xx_hal_gpio.o(i.HAL_GPIO_DeInit) for HAL_GPIO_DeInit
    spi.o(i.HAL_SPI_MspInit) refers to stm32f1xx_hal_gpio.o(i.HAL_GPIO_Init) for HAL_GPIO_Init
    spi.o(i.MX_SPI1_Init) refers to stm32f1xx_hal_spi.o(i.HAL_SPI_Init) for HAL_SPI_Init
    spi.o(i.MX_SPI1_Init) refers to main.o(i.Error_Handler) for Error_Handler
    spi.o(i.MX_SPI1_Init) refers to spi.o(.bss) for hspi1
    usart.o(i.HAL_UART_MspDeInit) refers to stm32f1xx_hal_gpio.o(i.HAL_GPIO_DeInit) for HAL_GPIO_DeInit
    usart.o(i.HAL_UART_MspInit) refers to stm32f1xx_hal_gpio.o(i.HAL_GPIO_Init) for HAL_GPIO_Init
    usart.o(i.MX_USART1_UART_Init) refers to stm32f1xx_hal_uart.o(i.HAL_UART_Init) for HAL_UART_Init
    usart.o(i.MX_USART1_UART_Init) refers to main.o(i.Error_Handler) for Error_Handler
    usart.o(i.MX_USART1_UART_Init) refers to usart.o(.bss) for huart1
    stm32f1xx_it.o(i.DMA1_Channel1_IRQHandler) refers to stm32f1xx_hal_dma.o(i.HAL_DMA_IRQHandler) for HAL_DMA_IRQHandler
[...]
    Removing stm32f1xx_hal_uart.o(i.HAL_UART_Transmit_IT), (56 bytes).
    Removing stm32f1xx_hal_uart.o(i.HAL_UART_TxCpltCallback), (2 bytes).
    Removing stm32f1xx_hal_uart.o(i.HAL_UART_TxHalfCpltCallback), (2 bytes).
    Removing stm32f1xx_hal_uart.o(i.UART_DMAAbortOnError), (20 bytes).
    Removing stm32f1xx_hal_uart.o(i.UART_DMAError), (80 bytes).
    Removing stm32f1xx_hal_uart.o(i.UART_DMAReceiveCplt), (180 bytes).
    Removing stm32f1xx_hal_uart.o(i.UART_DMARxAbortCallback), (56 bytes).
    Removing stm32f1xx_hal_uart.o(i.UART_DMARxHalfCplt), (36 bytes).
    Removing stm32f1xx_hal_uart.o(i.UART_DMARxOnlyAbortCallback), (28 bytes).
    Removing stm32f1xx_hal_uart.o(i.UART_DMATransmitCplt), (88 bytes).
    Removing stm32f1xx_hal_uart.o(i.UART_DMATxAbortCallback), (56 bytes).
    Removing stm32f1xx_hal_uart.o(i.UART_DMATxHalfCplt), (14 bytes).
    Removing stm32f1xx_hal_uart.o(i.UART_DMATxOnlyAbortCallback), (24 bytes).
    Removing stm32f1xx_hal_uart.o(i.UART_EndTransmit_IT), (32 bytes).
    Removing stm32f1xx_hal_uart.o(i.UART_EndTxTransfer), (38 bytes).
    Removing stm32f1xx_hal_uart.o(i.UART_Receive_IT), (252 bytes).
    Removing stm32f1xx_hal_uart.o(i.UART_Start_Receive_DMA), (200 bytes).
    Removing stm32f1xx_hal_uart.o(i.UART_Start_Receive_IT), (64 bytes).
    Removing stm32f1xx_hal_uart.o(i.UART_Transmit_IT), (96 bytes).
    Removing system_stm32f1xx.o(.rev16_text), (4 bytes).
    Removing system_stm32f1xx.o(.revsh_text), (4 bytes).
    Removing system_stm32f1xx.o(.rrx_text), (6 bytes).
    Removing system_stm32f1xx.o(i.SystemCoreClockUpdate), (164 bytes).
    Removing com_debug.o(.rev16_text), (4 bytes).
    Removing com_debug.o(.revsh_text), (4 bytes).
    Removing com_debug.o(.rrx_text), (6 bytes).
    Removing com_debug.o(i.ComDebug_SetEnable), (20 bytes).
    Removing com_debug.o(.data), (1 bytes).
    Removing event_groups.o(i.prvTestWaitCondition), (30 bytes).
    Removing event_groups.o(i.vEventGroupClearBitsCallback), (16 bytes).
    Removing event_groups.o(i.vEventGroupDelete), (42 bytes).
    Removing event_groups.o(i.vEventGroupSetBitsCallback), (16 bytes).
    Removing event_groups.o(i.xEventGroupClearBits), (32 bytes).
    Removing event_groups.o(i.xEventGroupCreate), (26 bytes).
    Removing event_groups.o(i.xEventGroupGetBitsFromISR), (44 bytes).
    Removing event_groups.o(i.xEventGroupSetBits), (146 bytes).
    Removing event_groups.o(i.xEventGroupSync), (168 bytes).
    Removing event_groups.o(i.xEventGroupWaitBits), (204 bytes).
    Removing list.o(i.vListInsertEnd), (24 bytes).
    Removing queue.o(i.prvCopyDataFromQueue), (42 bytes).
    Removing queue.o(i.prvCopyDataToQueue), (106 bytes).
    Removing queue.o(i.prvInitialiseNewQueue), (38 bytes).
    Removing queue.o(i.prvIsQueueEmpty), (26 bytes).
    Removing queue.o(i.prvIsQueueFull), (30 bytes).
    Removing queue.o(i.prvUnlockQueue), (126 bytes).
    Removing queue.o(i.uxQueueMessagesWaiting), (18 bytes).
    Removing queue.o(i.uxQueueMessagesWaitingFromISR), (8 bytes).
    Removing queue.o(i.uxQueueSpacesAvailable), (24 bytes).
    Removing queue.o(i.vQueueDelete), (14 bytes).
    Removing queue.o(i.xQueueGenericCreate), (76 bytes).
    Removing queue.o(i.xQueueGenericReset), (160 bytes).
    Removing queue.o(i.xQueueGenericSend), (280 bytes).
    Removing queue.o(i.xQueueGenericSendFromISR), (152 bytes).
    Removing queue.o(i.xQueueGiveFromISR), (132 bytes).
    Removing queue.o(i.xQueueIsQueueEmptyFromISR), (16 bytes).
    Removing queue.o(i.xQueueIsQueueFullFromISR), (22 bytes).
    Removing queue.o(i.xQueuePeek), (268 bytes).
    Removing queue.o(i.xQueuePeekFromISR), (74 bytes).
    Removing queue.o(i.xQueueReceive), (260 bytes).
    Removing queue.o(i.xQueueReceiveFromISR), (140 bytes).
    Removing queue.o(i.xQueueSemaphoreTake), (240 bytes).
    Removing stream_buffer.o(i.prvBytesInBuffer), (24 bytes).
    Removing stream_buffer.o(i.prvInitialiseNewStreamBuffer), (42 bytes).
    Removing stream_buffer.o(i.prvReadBytesFromBuffer), (76 bytes).
    Removing stream_buffer.o(i.prvReadMessageFromBuffer), (90 bytes).
    Removing stream_buffer.o(i.prvWriteBytesToBuffer), (76 bytes).
    Removing stream_buffer.o(i.prvWriteMessageToBuffer), (88 bytes).
    Removing stream_buffer.o(i.vStreamBufferDelete), (32 bytes).
    Removing stream_buffer.o(i.xStreamBufferBytesAvailable), (18 bytes).
    Removing stream_buffer.o(i.xStreamBufferGenericCreate), (82 bytes).
    Removing stream_buffer.o(i.xStreamBufferIsEmpty), (22 bytes).
    Removing stream_buffer.o(i.xStreamBufferIsFull), (40 bytes).
    Removing stream_buffer.o(i.xStreamBufferNextMessageLengthBytes), (52 bytes).
    Removing stream_buffer.o(i.xStreamBufferReceive), (176 bytes).
    Removing stream_buffer.o(i.xStreamBufferReceiveCompletedFromISR), (80 bytes).
    Removing stream_buffer.o(i.xStreamBufferReceiveFromISR), (132 bytes).
    Removing stream_buffer.o(i.xStreamBufferReset), (56 bytes).
    Removing stream_buffer.o(i.xStreamBufferSend), (226 bytes).
    Removing stream_buffer.o(i.xStreamBufferSendCompletedFromISR), (80 bytes).
    Removing stream_buffer.o(i.xStreamBufferSendFromISR), (134 bytes).
    Removing stream_buffer.o(i.xStreamBufferSetTriggerLevel), (26 bytes).
    Removing stream_buffer.o(i.xStreamBufferSpacesAvailable), (40 bytes).
    Removing tasks.o(i.pcTaskGetName), (24 bytes).
    Removing tasks.o(i.prvTaskIsTaskSuspended), (64 bytes).
    Removing tasks.o(i.ulTaskGenericNotifyTake), (136 bytes).
    Removing tasks.o(i.ulTaskGenericNotifyValueClear), (64 bytes).
    Removing tasks.o(i.uxTaskGetNumberOfTasks), (12 bytes).
    Removing tasks.o(i.uxTaskPriorityGet), (36 bytes).
    Removing tasks.o(i.uxTaskPriorityGetFromISR), (56 bytes).
    Removing tasks.o(i.uxTaskResetEventItemValue), (28 bytes).
    Removing tasks.o(i.vTaskDelete), (212 bytes).
    Removing tasks.o(i.vTaskEndScheduler), (36 bytes).
    Removing tasks.o(i.vTaskGenericNotifyGiveFromISR), (336 bytes).
    Removing tasks.o(i.vTaskInternalSetTimeOutState), (24 bytes).
    Removing tasks.o(i.vTaskMissedYield), (12 bytes).
    Removing tasks.o(i.vTaskPlaceOnEventList), (32 bytes).
    Removing tasks.o(i.vTaskPlaceOnUnorderedEventList), (80 bytes).
    Removing tasks.o(i.vTaskPrioritySet), (284 bytes).
    Removing tasks.o(i.vTaskRemoveFromUnorderedEventList), (208 bytes).
    Removing tasks.o(i.vTaskResume), (172 bytes).
    Removing tasks.o(i.vTaskSetTimeOutState), (36 bytes).
    Removing tasks.o(i.vTaskSuspend), (216 bytes).
    Removing tasks.o(i.xTaskCatchUpTicks), (40 bytes).
    Removing tasks.o(i.xTaskCheckForTimeOut), (96 bytes).
    Removing tasks.o(i.xTaskGenericNotify), (332 bytes).
    Removing tasks.o(i.xTaskGenericNotifyFromISR), (504 bytes).
    Removing tasks.o(i.xTaskGenericNotifyStateClear), (64 bytes).
    Removing tasks.o(i.xTaskGenericNotifyWait), (172 bytes).
    Removing tasks.o(i.xTaskGetCurrentTaskHandle), (12 bytes).
    Removing tasks.o(i.xTaskGetTickCountFromISR), (12 bytes).
    Removing tasks.o(i.xTaskRemoveFromEventList), (264 bytes).
    Removing tasks.o(i.xTaskResumeFromISR), (216 bytes).
    Removing heap_4.o(i.pvPortCalloc), (54 bytes).
    Removing heap_4.o(i.vPortGetHeapStats), (128 bytes).
    Removing heap_4.o(i.vPortInitialiseBlocks), (2 bytes).
    Removing heap_4.o(i.xPortGetFreeHeapSize), (12 bytes).
    Removing heap_4.o(i.xPortGetMinimumEverFreeHeapSize), (12 bytes).
    Removing port.o(i.vPortEndScheduler), (2 bytes).
    Removing app_freertos.o(.rev16_text), (4 bytes).
    Removing app_freertos.o(.revsh_text), (4 bytes).
    Removing app_freertos.o(.rrx_text), (6 bytes).
    Removing app_process_data.o(.rev16_text), (4 bytes).
    Removing app_process_data.o(.revsh_text), (4 bytes).
    Removing app_process_data.o(.rrx_text), (6 bytes).
    Removing int_ip5305t.o(.rev16_text), (4 bytes).
    Removing int_ip5305t.o(.revsh_text), (4 bytes).
    Removing int_ip5305t.o(.rrx_text), (6 bytes).
    Removing int_si24r1.o(.rev16_text), (4 bytes).
    Removing int_si24r1.o(.revsh_text), (4 bytes).
    Removing int_si24r1.o(.rrx_text), (6 bytes).
    Removing int_si24r1.o(i.SI24R1_RxPacket), (52 bytes).
    Removing int_key.o(.rev16_text), (4 bytes).
    Removing int_key.o(.revsh_text), (4 bytes).
    Removing int_key.o(.rrx_text), (6 bytes).
    Removing int_joystick.o(.rev16_text), (4 bytes).
    Removing int_joystick.o(.revsh_text), (4 bytes).
    Removing int_joystick.o(.rrx_text), (6 bytes).
    Removing dadd.o(.text), (334 bytes).
    Removing dmul.o(.text), (228 bytes).
    Removing ddiv.o(.text), (222 bytes).
    Removing dfixul.o(.text), (48 bytes).
    Removing cdrcmple.o(.text), (48 bytes).
    Removing depilogue.o(.text), (186 bytes).

457 unused section(s) (total 34331 bytes) removed from the image.

==============================================================================

Image Symbol Table

    Local Symbols

    Symbol Name                              Value     Ov Type        Size  Object(Section)

    ../Core/Src/adc.c                        0x00000000   Number         0  adc.o ABSOLUTE
    ../Core/Src/dma.c                        0x00000000   Number         0  dma.o ABSOLUTE
    ../Core/Src/gpio.c                       0x00000000   Number         0  gpio.o ABSOLUTE
    ../Core/Src/main.c                       0x00000000   Number         0  main.o ABSOLUTE
    ../Core/Src/spi.c                        0x00000000   Number         0  spi.o ABSOLUTE
    ../Core/Src/stm32f1xx_hal_msp.c          0x00000000   Number         0  stm32f1xx_hal_msp.o ABSOLUTE
    ../Core/Src/stm32f1xx_it.c               0x00000000   Number         0  stm32f1xx_it.o ABSOLUTE
    ../Core/Src/system_stm32f1xx.c           0x00000000   Number         0  system_stm32f1xx.o ABSOLUTE
    ../Core/Src/usart.c                      0x00000000   Number         0  usart.o ABSOLUTE
    ../Drivers/STM32F1xx_HAL_Driver/Src/stm32f1xx_hal.c 0x00000000   Number         0  stm32f1xx_hal.o ABSOLUTE
    ../Drivers/STM32F1xx_HAL_Driver/Src/stm32f1xx_hal_adc.c 0x00000000   Number         0  stm32f1xx_hal_adc.o ABSOLUTE
    ../Drivers/STM32F1xx_HAL_Driver/Src/stm32f1xx_hal_adc_ex.c 0x00000000   Number         0  stm32f1xx_hal_adc_ex.o ABSOLUTE
    ../Drivers/STM32F1xx_HAL_Driver/Src/stm32f1xx_hal_cortex.c 0x00000000   Number         0  stm32f1xx_hal_cortex.o ABSOLUTE
    ../Drivers/STM32F1xx_HAL_Driver/Src/stm32f1xx_hal_dma.c 0x00000000   Number         0  stm32f1xx_hal_dma.o ABSOLUTE
    ../Drivers/STM32F1xx_HAL_Driver/Src/stm32f1xx_hal_exti.c 0x00000000   Number         0  stm32f1xx_hal_exti.o ABSOLUTE
    ../Drivers/STM32F1xx_HAL_Driver/Src/stm32f1xx_hal_flash.c 0x00000000   Number         0  stm32f1xx_hal_flash.o ABSOLUTE
    ../Drivers/STM32F1xx_HAL_Driver/Src/stm32f1xx_hal_flash_ex.c 0x00000000   Number         0  stm32f1xx_hal_flash_ex.o ABSOLUTE
    ../Drivers/STM32F1xx_HAL_Driver/Src/stm32f1xx_hal_gpio.c 0x00000000   Number         0  stm32f1xx_hal_gpio.o ABSOLUTE
    ../Drivers/STM32F1xx_HAL_Driver/Src/stm32f1xx_hal_gpio_ex.c 0x00000000   Number         0  stm32f1xx_hal_gpio_ex.o ABSOLUTE
    ../Drivers/STM32F1xx_HAL_Driver/Src/stm32f1xx_hal_pwr.c 0x00000000   Number         0  stm32f1xx_hal_pwr.o ABSOLUTE
    ../Drivers/STM32F1xx_HAL_Driver/Src/stm32f1xx_hal_rcc.c 0x00000000   Number         0  stm32f1xx_hal_rcc.o ABSOLUTE
    ../Drivers/STM32F1xx_HAL_Driver/Src/stm32f1xx_hal_rcc_ex.c 0x00000000   Number         0  stm32f1xx_hal_rcc_ex.o ABSOLUTE
    ../Drivers/STM32F1xx_HAL_Driver/Src/stm32f1xx_hal_spi.c 0x00000000   Number         0  stm32f1xx_hal_spi.o ABSOLUTE
    ../Drivers/STM32F1xx_HAL_Driver/Src/stm32f1xx_hal_tim.c 0x00000000   Number         0  stm32f1xx_hal_tim.o ABSOLUTE
    ../Drivers/STM32F1xx_HAL_Driver/Src/stm32f1xx_hal_tim_ex.c 0x00000000   Number         0  stm32f1xx_hal_tim_ex.o ABSOLUTE
    ../Drivers/STM32F1xx_HAL_Driver/Src/stm32f1xx_hal_uart.c 0x00000000   Number         0  stm32f1xx_hal_uart.o ABSOLUTE
    ../clib/microlib/division.c              0x00000000   Number         0  uidiv.o ABSOLUTE
    ../clib/microlib/division.c              0x00000000   Number         0  uldiv.o ABSOLUTE
    ../clib/microlib/init/entry.s            0x00000000   Number         0  entry7b.o ABSOLUTE
    ../clib/microlib/init/entry.s            0x00000000   Number         0  entry11b.o ABSOLUTE
    ../clib/microlib/init/entry.s            0x00000000   Number         0  entry11a.o ABSOLUTE
    ../clib/microlib/init/entry.s            0x00000000   Number         0  entry10b.o ABSOLUTE
    ../clib/microlib/init/entry.s            0x00000000   Number         0  entry10a.o ABSOLUTE
    ../clib/microlib/init/entry.s            0x00000000   Number         0  entry9b.o ABSOLUTE
    ../clib/microlib/init/entry.s            0x00000000   Number         0  entry9a.o ABSOLUTE
    ../clib/microlib/init/entry.s            0x00000000   Number         0  entry8b.o ABSOLUTE
    ../clib/microlib/init/entry.s            0x00000000   Number         0  entry8a.o ABSOLUTE
    ../clib/microlib/init/entry.s            0x00000000   Number         0  entry7a.o ABSOLUTE
    ../clib/microlib/init/entry.s            0x00000000   Number         0  entry5.o ABSOLUTE
    ../clib/microlib/init/entry.s            0x00000000   Number         0  entry.o ABSOLUTE
    ../clib/microlib/init/entry.s            0x00000000   Number         0  entry2.o ABSOLUTE
    ../clib/microlib/longlong.c              0x00000000   Number         0  llshl.o ABSOLUTE
    ../clib/microlib/longlong.c              0x00000000   Number         0  llsshr.o ABSOLUTE
    ../clib/microlib/longlong.c              0x00000000   Number         0  llushr.o ABSOLUTE
    ../clib/microlib/printf/printf.c         0x00000000   Number         0  printf7.o ABSOLUTE
    ../clib/microlib/printf/printf.c         0x00000000   Number         0  printf6.o ABSOLUTE
    ../clib/microlib/printf/printf.c         0x00000000   Number         0  printf5.o ABSOLUTE
    ../clib/microlib/printf/printf.c         0x00000000   Number         0  printf4.o ABSOLUTE
    ../clib/microlib/printf/printf.c         0x00000000   Number         0  printf3.o ABSOLUTE
    ../clib/microlib/printf/printf.c         0x00000000   Number         0  printfb.o ABSOLUTE
    ../clib/microlib/printf/printf.c         0x00000000   Number         0  printf1.o ABSOLUTE
    ../clib/microlib/printf/printf.c         0x00000000   Number         0  printf0.o ABSOLUTE
    ../clib/microlib/printf/printf.c         0x00000000   Number         0  printf2.o ABSOLUTE
    ../clib/microlib/printf/printf.c         0x00000000   Number         0  printfa.o ABSOLUTE
    ../clib/microlib/printf/printf.c         0x00000000   Number         0  printf8.o ABSOLUTE
    ../clib/microlib/printf/stubs.s          0x00000000   Number         0  stubs.o ABSOLUTE
    ../clib/microlib/stdio/streams.c         0x00000000   Number         0  stdout.o ABSOLUTE
    ../clib/microlib/string/memcpy.c         0x00000000   Number         0  memcpyb.o ABSOLUTE
    ../clib/microlib/string/memcpy.c         0x00000000   Number         0  memcpya.o ABSOLUTE
    ../clib/microlib/string/memset.c         0x00000000   Number         0  memseta.o ABSOLUTE
    ../clib/microlib/string/strrchr.c        0x00000000   Number         0  strrchr.o ABSOLUTE
    ../clib/microlib/stubs.s                 0x00000000   Number         0  iusefp.o ABSOLUTE
    ../fplib/microlib/fpadd.c                0x00000000   Number         0  dadd.o ABSOLUTE
    ../fplib/microlib/fpdiv.c                0x00000000   Number         0  ddiv.o ABSOLUTE
    ../fplib/microlib/fpepilogue.c           0x00000000   Number         0  depilogue.o ABSOLUTE
    ../fplib/microlib/fpfix.c                0x00000000   Number         0  dfixul.o ABSOLUTE
    ../fplib/microlib/fpmul.c                0x00000000   Number         0  dmul.o ABSOLUTE
    ..\Core\Src\adc.c                        0x00000000   Number         0  adc.o ABSOLUTE
    ..\Core\Src\dma.c                        0x00000000   Number         0  dma.o ABSOLUTE
    ..\Core\Src\gpio.c                       0x00000000   Number         0  gpio.o ABSOLUTE
    ..\Core\Src\main.c                       0x00000000   Number         0  main.o ABSOLUTE
    ..\Core\Src\spi.c                        0x00000000   Number         0  spi.o ABSOLUTE
    ..\Core\Src\stm32f1xx_hal_msp.c          0x00000000   Number         0  stm32f1xx_hal_msp.o ABSOLUTE
    ..\Core\Src\stm32f1xx_it.c               0x00000000   Number         0  stm32f1xx_it.o ABSOLUTE
    ..\Core\Src\system_stm32f1xx.c           0x00000000   Number         0  system_stm32f1xx.o ABSOLUTE
    ..\Core\Src\usart.c                      0x00000000   Number         0  usart.o ABSOLUTE
    ..\Drivers\STM32F1xx_HAL_Driver\Src\stm32f1xx_hal.c 0x00000000   Number         0  stm32f1xx_hal.o ABSOLUTE
    ..\Drivers\STM32F1xx_HAL_Driver\Src\stm32f1xx_hal_adc.c 0x00000000   Number         0  stm32f1xx_hal_adc.o ABSOLUTE
    ..\Drivers\STM32F1xx_HAL_Driver\Src\stm32f1xx_hal_adc_ex.c 0x00000000   Number         0  stm32f1xx_hal_adc_ex.o ABSOLUTE
    ..\Drivers\STM32F1xx_HAL_Driver\Src\stm32f1xx_hal_cortex.c 0x00000000   Number         0  stm32f1xx_hal_cortex.o ABSOLUTE
    ..\Drivers\STM32F1xx_HAL_Driver\Src\stm32f1xx_hal_dma.c 0x00000000   Number         0  stm32f1xx_hal_dma.o ABSOLUTE
    ..\Drivers\STM32F1xx_HAL_Driver\Src\stm32f1xx_hal_exti.c 0x00000000   Number         0  stm32f1xx_hal_exti.o ABSOLUTE
    ..\Drivers\STM32F1xx_HAL_Driver\Src\stm32f1xx_hal_flash.c 0x00000000   Number         0  stm32f1xx_hal_flash.o ABSOLUTE
    ..\Drivers\STM32F1xx_HAL_Driver\Src\stm32f1xx_hal_flash_ex.c 0x00000000   Number         0  stm32f1xx_hal_flash_ex.o ABSOLUTE
    ..\Drivers\STM32F1xx_HAL_Driver\Src\stm32f1xx_hal_gpio.c 0x00000000   Number         0  stm32f1xx_hal_gpio.o ABSOLUTE
    ..\Drivers\STM32F1xx_HAL_Driver\Src\stm32f1xx_hal_gpio_ex.c 0x00000000   Number         0  stm32f1xx_hal_gpio_ex.o ABSOLUTE
    ..\Drivers\STM32F1xx_HAL_Driver\Src\stm32f1xx_hal_pwr.c 0x00000000   Number         0  stm32f1xx_hal_pwr.o ABSOLUTE
    ..\Drivers\STM32F1xx_HAL_Driver\Src\stm32f1xx_hal_rcc.c 0x00000000   Number         0  stm32f1xx_hal_rcc.o ABSOLUTE
    ..\Drivers\STM32F1xx_HAL_Driver\Src\stm32f1xx_hal_rcc_ex.c 0x00000000   Number         0  stm32f1xx_hal_rcc_ex.o ABSOLUTE
    ..\Drivers\STM32F1xx_HAL_Driver\Src\stm32f1xx_hal_spi.c 0x00000000   Number         0  stm32f1xx_hal_spi.o ABSOLUTE
    ..\Drivers\STM32F1xx_HAL_Driver\Src\stm32f1xx_hal_tim.c 0x00000000   Number         0  stm32f1xx_hal_tim.o ABSOLUTE
    ..\Drivers\STM32F1xx_HAL_Driver\Src\stm32f1xx_hal_tim_ex.c 0x00000000   Number         0  stm32f1xx_hal_tim_ex.o ABSOLUTE
    ..\Drivers\STM32F1xx_HAL_Driver\Src\stm32f1xx_hal_uart.c 0x00000000   Number         0  stm32f1xx_hal_uart.o ABSOLUTE
    Application\APP_FreeRTOS.c               0x00000000   Number         0  app_freertos.o ABSOLUTE
    Application\App_process_data.c           0x00000000   Number         0  app_process_data.o ABSOLUTE
    Application\\APP_FreeRTOS.c              0x00000000   Number         0  app_freertos.o ABSOLUTE
    Application\\App_process_data.c          0x00000000   Number         0  app_process_data.o ABSOLUTE
    FreeRTOS\\portable\\port.c               0x00000000   Number         0  port.o ABSOLUTE
    FreeRTOS\croutine.c                      0x00000000   Number         0  croutine.o ABSOLUTE
    FreeRTOS\event_groups.c                  0x00000000   Number         0  event_groups.o ABSOLUTE
    FreeRTOS\list.c                          0x00000000   Number         0  list.o ABSOLUTE
    FreeRTOS\portable\heap_4.c               0x00000000   Number         0  heap_4.o ABSOLUTE
    FreeRTOS\portable\port.c                 0x00000000   Number         0  port.o ABSOLUTE
    FreeRTOS\queue.c                         0x00000000   Number         0  queue.o ABSOLUTE
    FreeRTOS\stream_buffer.c                 0x00000000   Number         0  stream_buffer.o ABSOLUTE
    FreeRTOS\tasks.c                         0x00000000   Number         0  tasks.o ABSOLUTE
    FreeRTOS\timers.c                        0x00000000   Number         0  timers.o ABSOLUTE
    cdrcmple.s                               0x00000000   Number         0  cdrcmple.o ABSOLUTE
    common\Com_debug.c                       0x00000000   Number         0  com_debug.o ABSOLUTE
    common\\Com_debug.c                      0x00000000   Number         0  com_debug.o ABSOLUTE
    dc.s                                     0x00000000   Number         0  dc.o ABSOLUTE
    handlers.s                               0x00000000   Number         0  handlers.o ABSOLUTE
    init.s                                   0x00000000   Number         0  init.o ABSOLUTE
    interface_HW\Int_IP5305T.c               0x00000000   Number         0  int_ip5305t.o ABSOLUTE
    interface_HW\Int_Key.c                   0x00000000   Number         0  int_key.o ABSOLUTE
    interface_HW\Int_SI24R1.c                0x00000000   Number         0  int_si24r1.o ABSOLUTE
    interface_HW\Int_joystick.c              0x00000000   Number         0  int_joystick.o ABSOLUTE
    interface_HW\\Int_IP5305T.c              0x00000000   Number         0  int_ip5305t.o ABSOLUTE
    interface_HW\\Int_Key.c                  0x00000000   Number         0  int_key.o ABSOLUTE
    interface_HW\\Int_SI24R1.c               0x00000000   Number         0  int_si24r1.o ABSOLUTE
    interface_HW\\Int_joystick.c             0x00000000   Number         0  int_joystick.o ABSOLUTE
    startup_stm32f103xb.s                    0x00000000   Number         0  startup_stm32f103xb.o ABSOLUTE
    RESET                                    0x08000000   Section      236  startup_stm32f103xb.o(RESET)
    .ARM.Collect$$$$00000000                 0x080000ec   Section        0  entry.o(.ARM.Collect$$$$00000000)
    .ARM.Collect$$$$00000001                 0x080000ec   Section        4  entry2.o(.ARM.Collect$$$$00000001)
    .ARM.Collect$$$$00000004                 0x080000f0   Section        4  entry5.o(.ARM.Collect$$$$00000004)
    .ARM.Collect$$$$00000008                 0x080000f4   Section        0  entry7b.o(.ARM.Collect$$$$00000008)
    .ARM.Collect$$$$0000000A                 0x080000f4   Section        0  entry8b.o(.ARM.Collect$$$$0000000A)
    .ARM.Collect$$$$0000000B                 0x080000f4   Section        8  entry9a.o(.ARM.Collect$$$$0000000B)
    .ARM.Collect$$$$0000000D                 0x080000fc   Section        0  entry10a.o(.ARM.Collect$$$$0000000D)
    .ARM.Collect$$$$0000000F                 0x080000fc   Section        0  entry11a.o(.ARM.Collect$$$$0000000F)
    .ARM.Collect$$$$00002712                 0x080000fc   Section        4  entry2.o(.ARM.Collect$$$$00002712)
    __lit__00000000                          0x080000fc   Data           4  entry2.o(.ARM.Collect$$$$00002712)
    .emb_text                                0x08000100   Section      150  port.o(.emb_text)
    .text                                    0x08000198   Section       36  startup_stm32f103xb.o(.text)
    .text                                    0x080001bc   Section        0  llushr.o(.text)
    .text                                    0x080001dc   Section        0  memseta.o(.text)
    .text                                    0x08000200   Section        0  strrchr.o(.text)
    .text                                    0x08000220   Section        0  uldiv.o(.text)
    .text                                    0x08000284   Section       36  init.o(.text)
    .text                                    0x080002a8   Section        0  llshl.o(.text)
    i.ADC_ConversionStop_Disable             0x080002c6   Section        0  stm32f1xx_hal_adc.o(i.ADC_ConversionStop_Disable)
    i.ADC_DMAConvCplt                        0x08000322   Section        0  stm32f1xx_hal_adc.o(i.ADC_DMAConvCplt)
    i.ADC_DMAError                           0x08000374   Section        0  stm32f1xx_hal_adc.o(i.ADC_DMAError)
    i.ADC_DMAHalfConvCplt                    0x08000392   Section        0  stm32f1xx_hal_adc.o(i.ADC_DMAHalfConvCplt)
    i.ADC_Enable                             0x080003a0   Section        0  stm32f1xx_hal_adc.o(i.ADC_Enable)
    i.APP_FreeRTOS_Start                     0x08000430   Section        0  app_freertos.o(i.APP_FreeRTOS_Start)
    i.BusFault_Handler                       0x080004d8   Section        0  stm32f1xx_it.o(i.BusFault_Handler)
    i.DMA1_Channel1_IRQHandler               0x080004dc   Section        0  stm32f1xx_it.o(i.DMA1_Channel1_IRQHandler)
    i.DMA_SetConfig                          0x080004ec   Section        0  stm32f1xx_hal_dma.o(i.DMA_SetConfig)
    DMA_SetConfig                            0x080004ed   Thumb Code    44  stm32f1xx_hal_dma.o(i.DMA_SetConfig)
    i.DebugMon_Handler                       0x08000518   Section        0  stm32f1xx_it.o(i.DebugMon_Handler)
    i.Error_Handler                          0x0800051a   Section        0  main.o(i.Error_Handler)
    i.HAL_ADC_ConfigChannel                  0x08000520   Section        0  stm32f1xx_hal_adc.o(i.HAL_ADC_ConfigChannel)
    i.HAL_ADC_ConvCpltCallback               0x08000680   Section        0  stm32f1xx_hal_adc.o(i.HAL_ADC_ConvCpltCallback)
    i.HAL_ADC_ConvHalfCpltCallback           0x08000682   Section        0  stm32f1xx_hal_adc.o(i.HAL_ADC_ConvHalfCpltCallback)
    i.HAL_ADC_ErrorCallback                  0x08000684   Section        0  stm32f1xx_hal_adc.o(i.HAL_ADC_ErrorCallback)
    i.HAL_ADC_Init                           0x08000688   Section        0  stm32f1xx_hal_adc.o(i.HAL_ADC_Init)
    i.HAL_ADC_MspInit                        0x080007cc   Section        0  adc.o(i.HAL_ADC_MspInit)
    i.HAL_ADC_Start_DMA                      0x0800087c   Section        0  stm32f1xx_hal_adc.o(i.HAL_ADC_Start_DMA)
    i.HAL_DMA_IRQHandler                     0x080009fc   Section        0  stm32f1xx_hal_dma.o(i.HAL_DMA_IRQHandler)
    i.HAL_DMA_Init                           0x08000b98   Section        0  stm32f1xx_hal_dma.o(i.HAL_DMA_Init)
    i.HAL_DMA_Start_IT                       0x08000c00   Section        0  stm32f1xx_hal_dma.o(i.HAL_DMA_Start_IT)
    i.HAL_Delay                              0x08000c9c   Section        0  stm32f1xx_hal.o(i.HAL_Delay)
    i.HAL_GPIO_Init                          0x08000cc4   Section        0  stm32f1xx_hal_gpio.o(i.HAL_GPIO_Init)
    i.HAL_GPIO_ReadPin                       0x08000fe4   Section        0  stm32f1xx_hal_gpio.o(i.HAL_GPIO_ReadPin)
    i.HAL_GPIO_WritePin                      0x08000ff4   Section        0  stm32f1xx_hal_gpio.o(i.HAL_GPIO_WritePin)
    i.HAL_GetTick                            0x08001000   Section        0  stm32f1xx_hal.o(i.HAL_GetTick)
    i.HAL_IncTick                            0x0800100c   Section        0  stm32f1xx_hal.o(i.HAL_IncTick)
    i.HAL_Init                               0x08001024   Section        0  stm32f1xx_hal.o(i.HAL_Init)
    i.HAL_InitTick                           0x0800104c   Section        0  stm32f1xx_hal.o(i.HAL_InitTick)
    i.HAL_MspInit                            0x08001098   Section        0  stm32f1xx_hal_msp.o(i.HAL_MspInit)
    i.HAL_NVIC_EnableIRQ                     0x080010ec   Section        0  stm32f1xx_hal_cortex.o(i.HAL_NVIC_EnableIRQ)
    i.HAL_NVIC_SetPriority                   0x0800110c   Section        0  stm32f1xx_hal_cortex.o(i.HAL_NVIC_SetPriority)
    i.HAL_NVIC_SetPriorityGrouping           0x08001188   Section        0  stm32f1xx_hal_cortex.o(i.HAL_NVIC_SetPriorityGrouping)
    i.HAL_RCCEx_PeriphCLKConfig              0x080011b0   Section        0  stm32f1xx_hal_rcc_ex.o(i.HAL_RCCEx_PeriphCLKConfig)
    i.HAL_RCC_ClockConfig                    0x080012e0   Section        0  stm32f1xx_hal_rcc.o(i.HAL_RCC_ClockConfig)
    i.HAL_RCC_GetHCLKFreq                    0x0800146c   Section        0  stm32f1xx_hal_rcc.o(i.HAL_RCC_GetHCLKFreq)
    i.HAL_RCC_GetPCLK1Freq                   0x08001478   Section        0  stm32f1xx_hal_rcc.o(i.HAL_RCC_GetPCLK1Freq)
    i.HAL_RCC_GetPCLK2Freq                   0x08001498   Section        0  stm32f1xx_hal_rcc.o(i.HAL_RCC_GetPCLK2Freq)
    i.HAL_RCC_GetSysClockFreq                0x080014b8   Section        0  stm32f1xx_hal_rcc.o(i.HAL_RCC_GetSysClockFreq)
    i.HAL_RCC_OscConfig                      0x08001528   Section        0  stm32f1xx_hal_rcc.o(i.HAL_RCC_OscConfig)
    i.HAL_SPI_Init                           0x0800198c   Section        0  stm32f1xx_hal_spi.o(i.HAL_SPI_Init)
    i.HAL_SPI_MspInit                        0x08001a4c   Section        0  spi.o(i.HAL_SPI_MspInit)
    i.HAL_SPI_TransmitReceive                0x08001ae8   Section        0  stm32f1xx_hal_spi.o(i.HAL_SPI_TransmitReceive)
    i.HAL_SYSTICK_Config                     0x08001d30   Section        0  stm32f1xx_hal_cortex.o(i.HAL_SYSTICK_Config)
    i.HAL_UART_Init                          0x08001d64   Section        0  stm32f1xx_hal_uart.o(i.HAL_UART_Init)
    i.HAL_UART_MspInit                       0x08001ddc   Section        0  usart.o(i.HAL_UART_MspInit)
    i.HAL_UART_Transmit                      0x08001e64   Section        0  stm32f1xx_hal_uart.o(i.HAL_UART_Transmit)
    i.HardFault_Handler                      0x08001f22   Section        0  stm32f1xx_it.o(i.HardFault_Handler)
    i.Joystick_GetData                       0x08001f28   Section        0  int_joystick.o(i.Joystick_GetData)
    i.Joystick_Init                          0x08001f48   Section        0  int_joystick.o(i.Joystick_Init)
    i.Key_Get                                0x08001f60   Section        0  int_key.o(i.Key_Get)
    i.MX_ADC1_Init                           0x080020d0   Section        0  adc.o(i.MX_ADC1_Init)
    i.MX_DMA_Init                            0x08002170   Section        0  dma.o(i.MX_DMA_Init)
    i.MX_GPIO_Init                           0x080021a4   Section        0  gpio.o(i.MX_GPIO_Init)
    i.MX_SPI1_Init                           0x08002294   Section        0  spi.o(i.MX_SPI1_Init)
    i.MX_USART1_UART_Init                    0x080022d8   Section        0  usart.o(i.MX_USART1_UART_Init)
    i.MemManage_Handler                      0x08002310   Section        0  stm32f1xx_it.o(i.MemManage_Handler)
    i.NMI_Handler                            0x08002314   Section        0  stm32f1xx_it.o(i.NMI_Handler)
    i.RCC_Delay                              0x08002318   Section        0  stm32f1xx_hal_rcc.o(i.RCC_Delay)
    RCC_Delay                                0x08002319   Thumb Code    36  stm32f1xx_hal_rcc.o(i.RCC_Delay)
    i.SI24R1_Init                            0x08002340   Section        0  int_si24r1.o(i.SI24R1_Init)
    i.SI24R1_RX_Mode                         0x08002430   Section        0  int_si24r1.o(i.SI24R1_RX_Mode)
    i.SI24R1_Read_Buf                        0x08002494   Section        0  int_si24r1.o(i.SI24R1_Read_Buf)
    i.SI24R1_Read_Reg                        0x080024dc   Section        0  int_si24r1.o(i.SI24R1_Read_Reg)
    i.SI24R1_TX_Mode                         0x0800250c   Section        0  int_si24r1.o(i.SI24R1_TX_Mode)
    i.SI24R1_Test_Error                      0x08002570   Section        0  int_si24r1.o(i.SI24R1_Test_Error)
    i.SI24R1_TxPacket                        0x080025b8   Section        0  int_si24r1.o(i.SI24R1_TxPacket)
    i.SI24R1_Write_Buf                       0x0800262c   Section        0  int_si24r1.o(i.SI24R1_Write_Buf)
    i.SI24R1_Write_Reg                       0x08002674   Section        0  int_si24r1.o(i.SI24R1_Write_Reg)
    i.SPI_EndRxTxTransaction                 0x080026a8   Section        0  stm32f1xx_hal_spi.o(i.SPI_EndRxTxTransaction)
    SPI_EndRxTxTransaction                   0x080026a9   Thumb Code    68  stm32f1xx_hal_spi.o(i.SPI_EndRxTxTransaction)
    i.SPI_RW                                 0x080026ec   Section        0  int_si24r1.o(i.SPI_RW)
    SPI_RW                                   0x080026ed   Thumb Code    28  int_si24r1.o(i.SPI_RW)
    i.SPI_WaitFlagStateUntilTimeout          0x0800270c   Section        0  stm32f1xx_hal_spi.o(i.SPI_WaitFlagStateUntilTimeout)
    SPI_WaitFlagStateUntilTimeout            0x0800270d   Thumb Code   210  stm32f1xx_hal_spi.o(i.SPI_WaitFlagStateUntilTimeout)
    i.SysTick_Handler                        0x080027e4   Section        0  stm32f1xx_it.o(i.SysTick_Handler)
    i.SystemClock_Config                     0x080027f8   Section        0  main.o(i.SystemClock_Config)
    i.SystemInit                             0x0800287c   Section        0  system_stm32f1xx.o(i.SystemInit)
    i.UART_EndRxTransfer                     0x0800287e   Section        0  stm32f1xx_hal_uart.o(i.UART_EndRxTransfer)
    UART_EndRxTransfer                       0x0800287f   Thumb Code   108  stm32f1xx_hal_uart.o(i.UART_EndRxTransfer)
    i.UART_SetConfig                         0x080028ec   Section        0  stm32f1xx_hal_uart.o(i.UART_SetConfig)
    UART_SetConfig                           0x080028ed   Thumb Code   248  stm32f1xx_hal_uart.o(i.UART_SetConfig)
    i.UART_WaitOnFlagUntilTimeout            0x080029e8   Section        0  stm32f1xx_hal_uart.o(i.UART_WaitOnFlagUntilTimeout)
    UART_WaitOnFlagUntilTimeout              0x080029e9   Thumb Code   140  stm32f1xx_hal_uart.o(i.UART_WaitOnFlagUntilTimeout)
    i.UsageFault_Handler                     0x08002a74   Section        0  stm32f1xx_it.o(i.UsageFault_Handler)
    i.__0printf$8                            0x08002a78   Section        0  printf8.o(i.__0printf$8)
    i.__NVIC_GetPriorityGrouping             0x08002a98   Section        0  stm32f1xx_hal_cortex.o(i.__NVIC_GetPriorityGrouping)
    __NVIC_GetPriorityGrouping               0x08002a99   Thumb Code    10  stm32f1xx_hal_cortex.o(i.__NVIC_GetPriorityGrouping)
    i.__NVIC_SetPriority                     0x08002aa8   Section        0  stm32f1xx_hal_cortex.o(i.__NVIC_SetPriority)
    __NVIC_SetPriority                       0x08002aa9   Thumb Code    32  stm32f1xx_hal_cortex.o(i.__NVIC_SetPriority)
    i.__scatterload_copy                     0x08002ad0   Section       14  handlers.o(i.__scatterload_copy)
    i.__scatterload_null                     0x08002ade   Section        2  handlers.o(i.__scatterload_null)
    i.__scatterload_zeroinit                 0x08002ae0   Section       14  handlers.o(i.__scatterload_zeroinit)
    i._printf_core                           0x08002af0   Section        0  printf8.o(i._printf_core)
    _printf_core                             0x08002af1   Thumb Code   996  printf8.o(i._printf_core)
    i._printf_post_padding                   0x08002f00   Section        0  printf8.o(i._printf_post_padding)
    _printf_post_padding                     0x08002f01   Thumb Code    36  printf8.o(i._printf_post_padding)
    i._printf_pre_padding                    0x08002f24   Section        0  printf8.o(i._printf_pre_padding)
    _printf_pre_padding                      0x08002f25   Thumb Code    46  printf8.o(i._printf_pre_padding)
    i.comm_task                              0x08002f54   Section        0  app_freertos.o(i.comm_task)
    i.fputc                                  0x08002f80   Section        0  com_debug.o(i.fputc)
    i.joystick_task                          0x08002f9c   Section        0  app_freertos.o(i.joystick_task)
    i.key_task                               0x08003038   Section        0  app_freertos.o(i.key_task)
    i.main                                   0x080030c4   Section        0  main.o(i.main)
    i.power_task                             0x08003144   Section        0  app_freertos.o(i.power_task)
    i.prvAddCurrentTaskToDelayedList         0x08003180   Section        0  tasks.o(i.prvAddCurrentTaskToDelayedList)
    prvAddCurrentTaskToDelayedList           0x08003181   Thumb Code   164  tasks.o(i.prvAddCurrentTaskToDelayedList)
    i.prvAddNewTaskToReadyList               0x08003240   Section        0  tasks.o(i.prvAddNewTaskToReadyList)
    prvAddNewTaskToReadyList                 0x08003241   Thumb Code   200  tasks.o(i.prvAddNewTaskToReadyList)
    i.prvCheckTasksWaitingTermination        0x08003324   Section        0  tasks.o(i.prvCheckTasksWaitingTermination)
    prvCheckTasksWaitingTermination          0x08003325   Thumb Code    60  tasks.o(i.prvCheckTasksWaitingTermination)
    i.prvDeleteTCB                           0x0800336c   Section        0  tasks.o(i.prvDeleteTCB)
    prvDeleteTCB                             0x0800336d   Thumb Code    18  tasks.o(i.prvDeleteTCB)
    i.prvHeapInit                            0x08003380   Section        0  heap_4.o(i.prvHeapInit)
    prvHeapInit                              0x08003381   Thumb Code    90  heap_4.o(i.prvHeapInit)
    i.prvIdleTask                            0x080033f0   Section        0  tasks.o(i.prvIdleTask)
    prvIdleTask                              0x080033f1   Thumb Code    32  tasks.o(i.prvIdleTask)
    i.prvInitialiseNewTask                   0x08003418   Section        0  tasks.o(i.prvInitialiseNewTask)
    prvInitialiseNewTask                     0x08003419   Thumb Code   122  tasks.o(i.prvInitialiseNewTask)
    i.prvInitialiseTaskLists                 0x08003494   Section        0  tasks.o(i.prvInitialiseTaskLists)
    prvInitialiseTaskLists                   0x08003495   Thumb Code    70  tasks.o(i.prvInitialiseTaskLists)
    i.prvInsertBlockIntoFreeList             0x080034fc   Section        0  heap_4.o(i.prvInsertBlockIntoFreeList)
    prvInsertBlockIntoFreeList               0x080034fd   Thumb Code    96  heap_4.o(i.prvInsertBlockIntoFreeList)
    i.prvResetNextTaskUnblockTime            0x08003564   Section        0  tasks.o(i.prvResetNextTaskUnblockTime)
    prvResetNextTaskUnblockTime              0x08003565   Thumb Code    40  tasks.o(i.prvResetNextTaskUnblockTime)
    i.prvTaskExitError                       0x08003594   Section        0  port.o(i.prvTaskExitError)
    prvTaskExitError                         0x08003595   Thumb Code    22  port.o(i.prvTaskExitError)
    i.pvPortMalloc                           0x080035ac   Section        0  heap_4.o(i.pvPortMalloc)
    i.pxPortInitialiseStack                  0x08003690   Section        0  port.o(i.pxPortInitialiseStack)
    i.uxListRemove                           0x080036b4   Section        0  list.o(i.uxListRemove)
    i.vListInitialise                        0x080036dc   Section        0  list.o(i.vListInitialise)
    i.vListInitialiseItem                    0x080036f6   Section        0  list.o(i.vListInitialiseItem)
    i.vListInsert                            0x080036fc   Section        0  list.o(i.vListInsert)
    i.vPortEnterCritical                     0x08003730   Section        0  port.o(i.vPortEnterCritical)
    i.vPortExitCritical                      0x08003754   Section        0  port.o(i.vPortExitCritical)
    i.vPortFree                              0x08003774   Section        0  heap_4.o(i.vPortFree)
    i.vPortSetupTimerInterrupt               0x080037c0   Section        0  port.o(i.vPortSetupTimerInterrupt)
    i.vTaskDelay                             0x080037d8   Section        0  tasks.o(i.vTaskDelay)
    i.vTaskStartScheduler                    0x0800380c   Section        0  tasks.o(i.vTaskStartScheduler)
    i.vTaskSuspendAll                        0x08003878   Section        0  tasks.o(i.vTaskSuspendAll)
    i.vTaskSwitchContext                     0x08003888   Section        0  tasks.o(i.vTaskSwitchContext)
    i.xPortStartScheduler                    0x080038e8   Section        0  port.o(i.xPortStartScheduler)
    i.xPortSysTickHandler                    0x0800391c   Section        0  port.o(i.xPortSysTickHandler)
    i.xTaskCreate                            0x08003950   Section        0  tasks.o(i.xTaskCreate)
    i.xTaskDelayUntil                        0x080039b8   Section        0  tasks.o(i.xTaskDelayUntil)
    i.xTaskGetSchedulerState                 0x08003a2c   Section        0  tasks.o(i.xTaskGetSchedulerState)
    i.xTaskGetTickCount                      0x08003a4c   Section        0  tasks.o(i.xTaskGetTickCount)
    i.xTaskIncrementTick                     0x08003a58   Section        0  tasks.o(i.xTaskIncrementTick)
    i.xTaskResumeAll                         0x08003be8   Section        0  tasks.o(i.xTaskResumeAll)
    .constdata                               0x08003d44   Section       18  stm32f1xx_hal_rcc.o(.constdata)
    aPLLMULFactorTable                       0x08003d44   Data          16  stm32f1xx_hal_rcc.o(.constdata)
    aPredivFactorTable                       0x08003d54   Data           2  stm32f1xx_hal_rcc.o(.constdata)
    .constdata                               0x08003d56   Section       24  system_stm32f1xx.o(.constdata)
    .data                                    0x20000000   Section        9  stm32f1xx_hal.o(.data)
    .data                                    0x2000000c   Section        4  system_stm32f1xx.o(.data)
    .data                                    0x20000010   Section       64  tasks.o(.data)
    pxDelayedTaskList                        0x20000014   Data           4  tasks.o(.data)
    pxOverflowDelayedTaskList                0x20000018   Data           4  tasks.o(.data)
    uxDeletedTasksWaitingCleanUp             0x2000001c   Data           4  tasks.o(.data)
    uxCurrentNumberOfTasks                   0x20000020   Data           4  tasks.o(.data)
    xTickCount                               0x20000024   Data           4  tasks.o(.data)
    uxTopReadyPriority                       0x20000028   Data           4  tasks.o(.data)
    xSchedulerRunning                        0x2000002c   Data           4  tasks.o(.data)
    xPendedTicks                             0x20000030   Data           4  tasks.o(.data)
    xYieldPending                            0x20000034   Data           4  tasks.o(.data)
    xNumOfOverflows                          0x20000038   Data           4  tasks.o(.data)
    uxTaskNumber                             0x2000003c   Data           4  tasks.o(.data)
    xNextTaskUnblockTime                     0x20000040   Data           4  tasks.o(.data)
    xIdleTaskHandle                          0x20000044   Data           4  tasks.o(.data)
    uxSchedulerSuspended                     0x2000004c   Data           4  tasks.o(.data)
    .data                                    0x20000050   Section       28  heap_4.o(.data)
    xStart                                   0x20000050   Data           8  heap_4.o(.data)
    pxEnd                                    0x20000058   Data           4  heap_4.o(.data)
    xFreeBytesRemaining                      0x2000005c   Data           4  heap_4.o(.data)
    xMinimumEverFreeBytesRemaining           0x20000060   Data           4  heap_4.o(.data)
    xNumberOfSuccessfulAllocations           0x20000064   Data           4  heap_4.o(.data)
    xNumberOfSuccessfulFrees                 0x20000068   Data           4  heap_4.o(.data)
    .data                                    0x2000006c   Section        4  port.o(.data)
    uxCriticalNesting                        0x2000006c   Data           4  port.o(.data)
    .data                                    0x20000070   Section       56  app_freertos.o(.data)
    .data                                    0x200000a8   Section       10  int_si24r1.o(.data)
    .data                                    0x200000b2   Section        8  int_joystick.o(.data)
    .data                                    0x200000bc   Section        4  stdout.o(.data)
    .bss                                     0x200000c0   Section      116  adc.o(.bss)
    .bss                                     0x20000134   Section       88  spi.o(.bss)
    .bss                                     0x2000018c   Section       72  usart.o(.bss)
    .bss                                     0x200001d4   Section      200  tasks.o(.bss)
    pxReadyTasksLists                        0x200001d4   Data         100  tasks.o(.bss)
    xDelayedTaskList1                        0x20000238   Data          20  tasks.o(.bss)
    xDelayedTaskList2                        0x2000024c   Data          20  tasks.o(.bss)
    xPendingReadyList                        0x20000260   Data          20  tasks.o(.bss)
    xTasksWaitingTermination                 0x20000274   Data          20  tasks.o(.bss)
    xSuspendedTaskList                       0x20000288   Data          20  tasks.o(.bss)
    .bss                                     0x2000029c   Section    17408  heap_4.o(.bss)
    ucHeap                                   0x2000029c   Data       17408  heap_4.o(.bss)
    STACK                                    0x200046a0   Section     1024  startup_stm32f103xb.o(STACK)

    Global Symbols

    Symbol Name                              Value     Ov Type        Size  Object(Section)

    BuildAttributes$$THM_ISAv4$P$D$K$B$S$PE$A:L22UL41UL21$X:L11$S22US41US21$IEEE1$IW$USESV6$~STKCKD$USESV7$~SHL$OSPACE$ROPI$EBA8$MICROLIB$REQ8$PRES8$EABIv2 0x00000000   Number         0  anon$$obj.o ABSOLUTE
    __ARM_use_no_argv                        0x00000000   Number         0  main.o ABSOLUTE
    _printf_a                                0x00000000   Number         0  stubs.o ABSOLUTE
    _printf_c                                0x00000000   Number         0  stubs.o ABSOLUTE
    _printf_charcount                        0x00000000   Number         0  stubs.o ABSOLUTE
    _printf_d                                0x00000000   Number         0  stubs.o ABSOLUTE
    _printf_e                                0x00000000   Number         0  stubs.o ABSOLUTE
    _printf_f                                0x00000000   Number         0  stubs.o ABSOLUTE
    _printf_flags                            0x00000000   Number         0  stubs.o ABSOLUTE
    _printf_fp_dec                           0x00000000   Number         0  stubs.o ABSOLUTE
    _printf_fp_hex                           0x00000000   Number         0  stubs.o ABSOLUTE
    _printf_g                                0x00000000   Number         0  stubs.o ABSOLUTE
    _printf_i                                0x00000000   Number         0  stubs.o ABSOLUTE
    _printf_int_dec                          0x00000000   Number         0  stubs.o ABSOLUTE
    _printf_l                                0x00000000   Number         0  stubs.o ABSOLUTE
    _printf_lc                               0x00000000   Number         0  stubs.o ABSOLUTE
    _printf_ll                               0x00000000   Number         0  stubs.o ABSOLUTE
    _printf_lld                              0x00000000   Number         0  stubs.o ABSOLUTE
    _printf_lli                              0x00000000   Number         0  stubs.o ABSOLUTE
    _printf_llo                              0x00000000   Number         0  stubs.o ABSOLUTE
    _printf_llu                              0x00000000   Number         0  stubs.o ABSOLUTE
    _printf_llx                              0x00000000   Number         0  stubs.o ABSOLUTE
    _printf_longlong_dec                     0x00000000   Number         0  stubs.o ABSOLUTE
    _printf_longlong_hex                     0x00000000   Number         0  stubs.o ABSOLUTE
    _printf_longlong_oct                     0x00000000   Number         0  stubs.o ABSOLUTE
    _printf_ls                               0x00000000   Number         0  stubs.o ABSOLUTE
    _printf_mbtowc                           0x00000000   Number         0  stubs.o ABSOLUTE
    _printf_n                                0x00000000   Number         0  stubs.o ABSOLUTE
    _printf_o                                0x00000000   Number         0  stubs.o ABSOLUTE
    _printf_p                                0x00000000   Number         0  stubs.o ABSOLUTE
    _printf_percent                          0x00000000   Number         0  stubs.o ABSOLUTE
    _printf_pre_padding                      0x00000000   Number         0  stubs.o ABSOLUTE
    _printf_return_value                     0x00000000   Number         0  stubs.o ABSOLUTE
    _printf_s                                0x00000000   Number         0  stubs.o ABSOLUTE
    _printf_sizespec                         0x00000000   Number         0  stubs.o ABSOLUTE
    _printf_str                              0x00000000   Number         0  stubs.o ABSOLUTE
    _printf_truncate_signed                  0x00000000   Number         0  stubs.o ABSOLUTE
    _printf_truncate_unsigned                0x00000000   Number         0  stubs.o ABSOLUTE
    _printf_u                                0x00000000   Number         0  stubs.o ABSOLUTE
    _printf_wc                               0x00000000   Number         0  stubs.o ABSOLUTE
    _printf_wctomb                           0x00000000   Number         0  stubs.o ABSOLUTE
    _printf_widthprec                        0x00000000   Number         0  stubs.o ABSOLUTE
    _printf_x                                0x00000000   Number         0  stubs.o ABSOLUTE
    __cpp_initialize__aeabi_                  - Undefined Weak Reference
    __cxa_finalize                            - Undefined Weak Reference
    __decompress                              - Undefined Weak Reference
    _clock_init                               - Undefined Weak Reference
    _microlib_exit                            - Undefined Weak Reference
    __Vectors_Size                           0x000000ec   Number         0  startup_stm32f103xb.o ABSOLUTE
    __Vectors                                0x08000000   Data           4  startup_stm32f103xb.o(RESET)
    __Vectors_End                            0x080000ec   Data           0  startup_stm32f103xb.o(RESET)
    __main                                   0x080000ed   Thumb Code     0  entry.o(.ARM.Collect$$$$00000000)
    _main_stk                                0x080000ed   Thumb Code     0  entry2.o(.ARM.Collect$$$$00000001)
    _main_scatterload                        0x080000f1   Thumb Code     0  entry5.o(.ARM.Collect$$$$00000004)
    __main_after_scatterload                 0x080000f5   Thumb Code     0  entry5.o(.ARM.Collect$$$$00000004)
    _main_clock                              0x080000f5   Thumb Code     0  entry7b.o(.ARM.Collect$$$$00000008)
    _main_cpp_init                           0x080000f5   Thumb Code     0  entry8b.o(.ARM.Collect$$$$0000000A)
    _main_init                               0x080000f5   Thumb Code     0  entry9a.o(.ARM.Collect$$$$0000000B)
    __rt_final_cpp                           0x080000fd   Thumb Code     0  entry10a.o(.ARM.Collect$$$$0000000D)
    __rt_final_exit                          0x080000fd   Thumb Code     0  entry11a.o(.ARM.Collect$$$$0000000F)
    SVC_Handler                              0x08000101   Thumb Code    32  port.o(.emb_text)
    __asm___6_port_c_39a90d8d__prvStartFirstTask 0x08000125   Thumb Code    28  port.o(.emb_text)
    PendSV_Handler                           0x08000145   Thumb Code    72  port.o(.emb_text)
    vPortGetIPSR                             0x08000191   Thumb Code     6  port.o(.emb_text)
    Reset_Handler                            0x08000199   Thumb Code     8  startup_stm32f103xb.o(.text)
    ADC1_2_IRQHandler                        0x080001b3   Thumb Code     0  startup_stm32f103xb.o(.text)
    CAN1_RX1_IRQHandler                      0x080001b3   Thumb Code     0  startup_stm32f103xb.o(.text)
    CAN1_SCE_IRQHandler                      0x080001b3   Thumb Code     0  startup_stm32f103xb.o(.text)
    DMA1_Channel2_IRQHandler                 0x080001b3   Thumb Code     0  startup_stm32f103xb.o(.text)
    DMA1_Channel3_IRQHandler                 0x080001b3   Thumb Code     0  startup_stm32f103xb.o(.text)
    DMA1_Channel4_IRQHandler                 0x080001b3   Thumb Code     0  startup_stm32f103xb.o(.text)
    DMA1_Channel5_IRQHandler                 0x080001b3   Thumb Code     0  startup_stm32f103xb.o(.text)
    DMA1_Channel6_IRQHandler                 0x080001b3   Thumb Code     0  startup_stm32f103xb.o(.text)
    DMA1_Channel7_IRQHandler                 0x080001b3   Thumb Code     0  startup_stm32f103xb.o(.text)
    EXTI0_IRQHandler                         0x080001b3   Thumb Code     0  startup_stm32f103xb.o(.text)
    EXTI15_10_IRQHandler                     0x080001b3   Thumb Code     0  startup_stm32f103xb.o(.text)
    EXTI1_IRQHandler                         0x080001b3   Thumb Code     0  startup_stm32f103xb.o(.text)
    EXTI2_IRQHandler                         0x080001b3   Thumb Code     0  startup_stm32f103xb.o(.text)
    EXTI3_IRQHandler                         0x080001b3   Thumb Code     0  startup_stm32f103xb.o(.text)
    EXTI4_IRQHandler                         0x080001b3   Thumb Code     0  startup_stm32f103xb.o(.text)
    EXTI9_5_IRQHandler                       0x080001b3   Thumb Code     0  startup_stm32f103xb.o(.text)
    FLASH_IRQHandler                         0x080001b3   Thumb Code     0  startup_stm32f103xb.o(.text)
    I2C1_ER_IRQHandler                       0x080001b3   Thumb Code     0  startup_stm32f103xb.o(.text)
    I2C1_EV_IRQHandler                       0x080001b3   Thumb Code     0  startup_stm32f103xb.o(.text)
    I2C2_ER_IRQHandler                       0x080001b3   Thumb Code     0  startup_stm32f103xb.o(.text)
    I2C2_EV_IRQHandler                       0x080001b3   Thumb Code     0  startup_stm32f103xb.o(.text)
    PVD_IRQHandler                           0x080001b3   Thumb Code     0  startup_stm32f103xb.o(.text)
    RCC_IRQHandler                           0x080001b3   Thumb Code     0  startup_stm32f103xb.o(.text)
    RTC_Alarm_IRQHandler                     0x080001b3   Thumb Code     0  startup_stm32f103xb.o(.text)
    RTC_IRQHandler                           0x080001b3   Thumb Code     0  startup_stm32f103xb.o(.text)
    SPI1_IRQHandler                          0x080001b3   Thumb Code     0  startup_stm32f103xb.o(.text)
    SPI2_IRQHandler                          0x080001b3   Thumb Code     0  startup_stm32f103xb.o(.text)
    TAMPER_IRQHandler                        0x080001b3   Thumb Code     0  startup_stm32f103xb.o(.text)
    TIM1_BRK_IRQHandler                      0x080001b3   Thumb Code     0  startup_stm32f103xb.o(.text)
    TIM1_CC_IRQHandler                       0x080001b3   Thumb Code     0  startup_stm32f103xb.o(.text)
    TIM1_TRG_COM_IRQHandler                  0x080001b3   Thumb Code     0  startup_stm32f103xb.o(.text)
    TIM1_UP_IRQHandler                       0x080001b3   Thumb Code     0  startup_stm32f103xb.o(.text)
    TIM2_IRQHandler                          0x080001b3   Thumb Code     0  startup_stm32f103xb.o(.text)
    TIM3_IRQHandler                          0x080001b3   Thumb Code     0  startup_stm32f103xb.o(.text)
    TIM4_IRQHandler                          0x080001b3   Thumb Code     0  startup_stm32f103xb.o(.text)
    USART1_IRQHandler                        0x080001b3   Thumb Code     0  startup_stm32f103xb.o(.text)
    USART2_IRQHandler                        0x080001b3   Thumb Code     0  startup_stm32f103xb.o(.text)
    USART3_IRQHandler                        0x080001b3   Thumb Code     0  startup_stm32f103xb.o(.text)
    USBWakeUp_IRQHandler                     0x080001b3   Thumb Code     0  startup_stm32f103xb.o(.text)
    USB_HP_CAN1_TX_IRQHandler                0x080001b3   Thumb Code     0  startup_stm32f103xb.o(.text)
    USB_LP_CAN1_RX0_IRQHandler               0x080001b3   Thumb Code     0  startup_stm32f103xb.o(.text)
    WWDG_IRQHandler                          0x080001b3   Thumb Code     0  startup_stm32f103xb.o(.text)
    __aeabi_llsr                             0x080001bd   Thumb Code    32  llushr.o(.text)
    _ll_ushift_r                             0x080001bd   Thumb Code     0  llushr.o(.text)
    __aeabi_memset                           0x080001dd   Thumb Code    14  memseta.o(.text)
    __aeabi_memset4                          0x080001dd   Thumb Code     0  memseta.o(.text)
    __aeabi_memset8                          0x080001dd   Thumb Code     0  memseta.o(.text)
    __aeabi_memclr                           0x080001eb   Thumb Code     4  memseta.o(.text)
    __aeabi_memclr4                          0x080001eb   Thumb Code     0  memseta.o(.text)
    __aeabi_memclr8                          0x080001eb   Thumb Code     0  memseta.o(.text)
    _memset$wrapper                          0x080001ef   Thumb Code    18  memseta.o(.text)
    strrchr                                  0x08000201   Thumb Code    32  strrchr.o(.text)
    __aeabi_uldivmod                         0x08000221   Thumb Code    98  uldiv.o(.text)
    __scatterload                            0x08000285   Thumb Code    28  init.o(.text)
    __scatterload_rt2                        0x08000285   Thumb Code     0  init.o(.text)
    __aeabi_llsl                             0x080002a9   Thumb Code    30  llshl.o(.text)
    _ll_shift_l                              0x080002a9   Thumb Code     0  llshl.o(.text)
    ADC_ConversionStop_Disable               0x080002c7   Thumb Code    92  stm32f1xx_hal_adc.o(i.ADC_ConversionStop_Disable)
    ADC_DMAConvCplt                          0x08000323   Thumb Code    82  stm32f1xx_hal_adc.o(i.ADC_DMAConvCplt)
    ADC_DMAError                             0x08000375   Thumb Code    30  stm32f1xx_hal_adc.o(i.ADC_DMAError)
    ADC_DMAHalfConvCplt                      0x08000393   Thumb Code    14  stm32f1xx_hal_adc.o(i.ADC_DMAHalfConvCplt)
    ADC_Enable                               0x080003a1   Thumb Code   134  stm32f1xx_hal_adc.o(i.ADC_Enable)
    APP_FreeRTOS_Start                       0x08000431   Thumb Code    88  app_freertos.o(i.APP_FreeRTOS_Start)
    BusFault_Handler                         0x080004d9   Thumb Code     4  stm32f1xx_it.o(i.BusFault_Handler)
    DMA1_Channel1_IRQHandler                 0x080004dd   Thumb Code    10  stm32f1xx_it.o(i.DMA1_Channel1_IRQHandler)
    DebugMon_Handler                         0x08000519   Thumb Code     2  stm32f1xx_it.o(i.DebugMon_Handler)
    Error_Handler                            0x0800051b   Thumb Code     6  main.o(i.Error_Handler)
    HAL_ADC_ConfigChannel                    0x08000521   Thumb Code   338  stm32f1xx_hal_adc.o(i.HAL_ADC_ConfigChannel)
    HAL_ADC_ConvCpltCallback                 0x08000681   Thumb Code     2  stm32f1xx_hal_adc.o(i.HAL_ADC_ConvCpltCallback)
    HAL_ADC_ConvHalfCpltCallback             0x08000683   Thumb Code     2  stm32f1xx_hal_adc.o(i.HAL_ADC_ConvHalfCpltCallback)
    HAL_ADC_ErrorCallback                    0x08000685   Thumb Code     2  stm32f1xx_hal_adc.o(i.HAL_ADC_ErrorCallback)
    HAL_ADC_Init                             0x08000689   Thumb Code   314  stm32f1xx_hal_adc.o(i.HAL_ADC_Init)
    HAL_ADC_MspInit                          0x080007cd   Thumb Code   154  adc.o(i.HAL_ADC_MspInit)
    HAL_ADC_Start_DMA                        0x0800087d   Thumb Code   362  stm32f1xx_hal_adc.o(i.HAL_ADC_Start_DMA)
    HAL_DMA_IRQHandler                       0x080009fd   Thumb Code   408  stm32f1xx_hal_dma.o(i.HAL_DMA_IRQHandler)
    HAL_DMA_Init                             0x08000b99   Thumb Code   100  stm32f1xx_hal_dma.o(i.HAL_DMA_Init)
    HAL_DMA_Start_IT                         0x08000c01   Thumb Code   156  stm32f1xx_hal_dma.o(i.HAL_DMA_Start_IT)
    HAL_Delay                                0x08000c9d   Thumb Code    36  stm32f1xx_hal.o(i.HAL_Delay)
    HAL_GPIO_Init                            0x08000cc5   Thumb Code   766  stm32f1xx_hal_gpio.o(i.HAL_GPIO_Init)
    HAL_GPIO_ReadPin                         0x08000fe5   Thumb Code    16  stm32f1xx_hal_gpio.o(i.HAL_GPIO_ReadPin)
    HAL_GPIO_WritePin                        0x08000ff5   Thumb Code    12  stm32f1xx_hal_gpio.o(i.HAL_GPIO_WritePin)
    HAL_GetTick                              0x08001001   Thumb Code     6  stm32f1xx_hal.o(i.HAL_GetTick)
    HAL_IncTick                              0x0800100d   Thumb Code    16  stm32f1xx_hal.o(i.HAL_IncTick)
    HAL_Init                                 0x08001025   Thumb Code    34  stm32f1xx_hal.o(i.HAL_Init)
    HAL_InitTick                             0x0800104d   Thumb Code    64  stm32f1xx_hal.o(i.HAL_InitTick)
    HAL_MspInit                              0x08001099   Thumb Code    76  stm32f1xx_hal_msp.o(i.HAL_MspInit)
    HAL_NVIC_EnableIRQ                       0x080010ed   Thumb Code    32  stm32f1xx_hal_cortex.o(i.HAL_NVIC_EnableIRQ)
    HAL_NVIC_SetPriority                     0x0800110d   Thumb Code   124  stm32f1xx_hal_cortex.o(i.HAL_NVIC_SetPriority)
    HAL_NVIC_SetPriorityGrouping             0x08001189   Thumb Code    32  stm32f1xx_hal_cortex.o(i.HAL_NVIC_SetPriorityGrouping)
    HAL_RCCEx_PeriphCLKConfig                0x080011b1   Thumb Code   290  stm32f1xx_hal_rcc_ex.o(i.HAL_RCCEx_PeriphCLKConfig)
    HAL_RCC_ClockConfig                      0x080012e1   Thumb Code   376  stm32f1xx_hal_rcc.o(i.HAL_RCC_ClockConfig)
    HAL_RCC_GetHCLKFreq                      0x0800146d   Thumb Code     6  stm32f1xx_hal_rcc.o(i.HAL_RCC_GetHCLKFreq)
    HAL_RCC_GetPCLK1Freq                     0x08001479   Thumb Code    22  stm32f1xx_hal_rcc.o(i.HAL_RCC_GetPCLK1Freq)
    HAL_RCC_GetPCLK2Freq                     0x08001499   Thumb Code    22  stm32f1xx_hal_rcc.o(i.HAL_RCC_GetPCLK2Freq)
    HAL_RCC_GetSysClockFreq                  0x080014b9   Thumb Code    92  stm32f1xx_hal_rcc.o(i.HAL_RCC_GetSysClockFreq)
    HAL_RCC_OscConfig                        0x08001529   Thumb Code  1114  stm32f1xx_hal_rcc.o(i.HAL_RCC_OscConfig)
    HAL_SPI_Init                             0x0800198d   Thumb Code   190  stm32f1xx_hal_spi.o(i.HAL_SPI_Init)
    HAL_SPI_MspInit                          0x08001a4d   Thumb Code   138  spi.o(i.HAL_SPI_MspInit)
    HAL_SPI_TransmitReceive                  0x08001ae9   Thumb Code   584  stm32f1xx_hal_spi.o(i.HAL_SPI_TransmitReceive)
    HAL_SYSTICK_Config                       0x08001d31   Thumb Code    52  stm32f1xx_hal_cortex.o(i.HAL_SYSTICK_Config)
    HAL_UART_Init                            0x08001d65   Thumb Code   118  stm32f1xx_hal_uart.o(i.HAL_UART_Init)
    HAL_UART_MspInit                         0x08001ddd   Thumb Code   122  usart.o(i.HAL_UART_MspInit)
    HAL_UART_Transmit                        0x08001e65   Thumb Code   190  stm32f1xx_hal_uart.o(i.HAL_UART_Transmit)
    HardFault_Handler                        0x08001f23   Thumb Code     4  stm32f1xx_it.o(i.HardFault_Handler)
    Joystick_GetData                         0x08001f29   Thumb Code    26  int_joystick.o(i.Joystick_GetData)
    Joystick_Init                            0x08001f49   Thumb Code    14  int_joystick.o(i.Joystick_Init)
    Key_Get                                  0x08001f61   Thumb Code   364  int_key.o(i.Key_Get)
    MX_ADC1_Init                             0x080020d1   Thumb Code   150  adc.o(i.MX_ADC1_Init)
    MX_DMA_Init                              0x08002171   Thumb Code    48  dma.o(i.MX_DMA_Init)
    MX_GPIO_Init                             0x080021a5   Thumb Code   228  gpio.o(i.MX_GPIO_Init)
    MX_SPI1_Init                             0x08002295   Thumb Code    60  spi.o(i.MX_SPI1_Init)
    MX_USART1_UART_Init                      0x080022d9   Thumb Code    46  usart.o(i.MX_USART1_UART_Init)
    MemManage_Handler                        0x08002311   Thumb Code     4  stm32f1xx_it.o(i.MemManage_Handler)
    NMI_Handler                              0x08002315   Thumb Code     4  stm32f1xx_it.o(i.NMI_Handler)
    SI24R1_Init                              0x08002341   Thumb Code   102  int_si24r1.o(i.SI24R1_Init)
    SI24R1_RX_Mode                           0x08002431   Thumb Code    90  int_si24r1.o(i.SI24R1_RX_Mode)
    SI24R1_Read_Buf                          0x08002495   Thumb Code    66  int_si24r1.o(i.SI24R1_Read_Buf)
    SI24R1_Read_Reg                          0x080024dd   Thumb Code    44  int_si24r1.o(i.SI24R1_Read_Reg)
    SI24R1_TX_Mode                           0x0800250d   Thumb Code    92  int_si24r1.o(i.SI24R1_TX_Mode)
    SI24R1_Test_Error                        0x08002571   Thumb Code    62  int_si24r1.o(i.SI24R1_Test_Error)
    SI24R1_TxPacket                          0x080025b9   Thumb Code   112  int_si24r1.o(i.SI24R1_TxPacket)
    SI24R1_Write_Buf                         0x0800262d   Thumb Code    66  int_si24r1.o(i.SI24R1_Write_Buf)
    SI24R1_Write_Reg                         0x08002675   Thumb Code    46  int_si24r1.o(i.SI24R1_Write_Reg)
    SysTick_Handler                          0x080027e5   Thumb Code    20  stm32f1xx_it.o(i.SysTick_Handler)
    SystemClock_Config                       0x080027f9   Thumb Code   132  main.o(i.SystemClock_Config)
    SystemInit                               0x0800287d   Thumb Code     2  system_stm32f1xx.o(i.SystemInit)
    UsageFault_Handler                       0x08002a75   Thumb Code     4  stm32f1xx_it.o(i.UsageFault_Handler)
    __0printf$8                              0x08002a79   Thumb Code    22  printf8.o(i.__0printf$8)
    __1printf$8                              0x08002a79   Thumb Code     0  printf8.o(i.__0printf$8)
    __2printf                                0x08002a79   Thumb Code     0  printf8.o(i.__0printf$8)
    __scatterload_copy                       0x08002ad1   Thumb Code    14  handlers.o(i.__scatterload_copy)
    __scatterload_null                       0x08002adf   Thumb Code     2  handlers.o(i.__scatterload_null)
    __scatterload_zeroinit                   0x08002ae1   Thumb Code    14  handlers.o(i.__scatterload_zeroinit)
    comm_task                                0x08002f55   Thumb Code    38  app_freertos.o(i.comm_task)
    fputc                                    0x08002f81   Thumb Code    22  com_debug.o(i.fputc)
    joystick_task                            0x08002f9d   Thumb Code    92  app_freertos.o(i.joystick_task)
    key_task                                 0x08003039   Thumb Code    74  app_freertos.o(i.key_task)
    main                                     0x080030c5   Thumb Code    76  main.o(i.main)
    power_task                               0x08003145   Thumb Code    54  app_freertos.o(i.power_task)
    pvPortMalloc                             0x080035ad   Thumb Code   208  heap_4.o(i.pvPortMalloc)
    pxPortInitialiseStack                    0x08003691   Thumb Code    30  port.o(i.pxPortInitialiseStack)
    uxListRemove                             0x080036b5   Thumb Code    40  list.o(i.uxListRemove)
    vListInitialise                          0x080036dd   Thumb Code    26  list.o(i.vListInitialise)
    vListInitialiseItem                      0x080036f7   Thumb Code     6  list.o(i.vListInitialiseItem)
    vListInsert                              0x080036fd   Thumb Code    52  list.o(i.vListInsert)
    vPortEnterCritical                       0x08003731   Thumb Code    30  port.o(i.vPortEnterCritical)
    vPortExitCritical                        0x08003755   Thumb Code    28  port.o(i.vPortExitCritical)
    vPortFree                                0x08003775   Thumb Code    68  heap_4.o(i.vPortFree)
    vPortSetupTimerInterrupt                 0x080037c1   Thumb Code    20  port.o(i.vPortSetupTimerInterrupt)
    vTaskDelay                               0x080037d9   Thumb Code    46  tasks.o(i.vTaskDelay)
    vTaskStartScheduler                      0x0800380d   Thumb Code    76  tasks.o(i.vTaskStartScheduler)
    vTaskSuspendAll                          0x08003879   Thumb Code    12  tasks.o(i.vTaskSuspendAll)
    vTaskSwitchContext                       0x08003889   Thumb Code    76  tasks.o(i.vTaskSwitchContext)
    xPortStartScheduler                      0x080038e9   Thumb Code    42  port.o(i.xPortStartScheduler)
    xPortSysTickHandler                      0x0800391d   Thumb Code    46  port.o(i.xPortSysTickHandler)
    xTaskCreate                              0x08003951   Thumb Code   104  tasks.o(i.xTaskCreate)
    xTaskDelayUntil                          0x080039b9   Thumb Code   108  tasks.o(i.xTaskDelayUntil)
    xTaskGetSchedulerState                   0x08003a2d   Thumb Code    24  tasks.o(i.xTaskGetSchedulerState)
    xTaskGetTickCount                        0x08003a4d   Thumb Code     6  tasks.o(i.xTaskGetTickCount)
    xTaskIncrementTick                       0x08003a59   Thumb Code   356  tasks.o(i.xTaskIncrementTick)
    xTaskResumeAll                           0x08003be9   Thumb Code   310  tasks.o(i.xTaskResumeAll)
    AHBPrescTable                            0x08003d56   Data          16  system_stm32f1xx.o(.constdata)
    APBPrescTable                            0x08003d66   Data           8  system_stm32f1xx.o(.constdata)
    Region$$Table$$Base                      0x08003d70   Number         0  anon$$obj.o(Region$$Table)
    Region$$Table$$Limit                     0x08003d90   Number         0  anon$$obj.o(Region$$Table)
    uwTick                                   0x20000000   Data           4  stm32f1xx_hal.o(.data)
    uwTickPrio                               0x20000004   Data           4  stm32f1xx_hal.o(.data)
    uwTickFreq                               0x20000008   Data           1  stm32f1xx_hal.o(.data)
    SystemCoreClock                          0x2000000c   Data           4  system_stm32f1xx.o(.data)
    pxCurrentTCB                             0x20000010   Data           4  tasks.o(.data)
    uxTopUsedPriority                        0x20000048   Data           4  tasks.o(.data)
    power_task_handle                        0x20000070   Data           4  app_freertos.o(.data)
    comm_task_handle                         0x20000074   Data           4  app_freertos.o(.data)
    key_task_handle                          0x20000078   Data           4  app_freertos.o(.data)
    joystick_data                            0x2000007c   Data           8  app_freertos.o(.data)
    joystick_task_handle                     0x20000084   Data           4  app_freertos.o(.data)
    test_data_buffer                         0x20000088   Data          32  app_freertos.o(.data)
    TX_ADDRESS                               0x200000a8   Data           5  int_si24r1.o(.data)
    TEST_BUFFER                              0x200000ad   Data           5  int_si24r1.o(.data)
    joystick_data_buffer                     0x200000b2   Data           8  int_joystick.o(.data)
    __stdout                                 0x200000bc   Data           4  stdout.o(.data)
    hadc1                                    0x200000c0   Data          48  adc.o(.bss)
    hdma_adc1                                0x200000f0   Data          68  adc.o(.bss)
    hspi1                                    0x20000134   Data          88  spi.o(.bss)
    huart1                                   0x2000018c   Data          72  usart.o(.bss)
    __initial_sp                             0x20004aa0   Data           0  startup_stm32f103xb.o(STACK)



==============================================================================

Memory Map of the image

  Image Entry point : 0x080000ed

  Load Region LR_IROM1 (Base: 0x08000000, Size: 0x00003e50, Max: 0x00010000, ABSOLUTE)

    Execution Region ER_IROM1 (Exec base: 0x08000000, Load base: 0x08000000, Size: 0x00003d90, Max: 0x00010000, ABSOLUTE)

    Exec Addr    Load Addr    Size         Type   Attr      Idx    E Section Name        Object

    0x08000000   0x08000000   0x000000ec   Data   RO            3    RESET               startup_stm32f103xb.o
    0x080000ec   0x080000ec   0x00000000   Code   RO         3744  * .ARM.Collect$$$$00000000  mc_w.l(entry.o)
    0x080000ec   0x080000ec   0x00000004   Code   RO         4018    .ARM.Collect$$$$00000001  mc_w.l(entry2.o)
    0x080000f0   0x080000f0   0x00000004   Code   RO         4021    .ARM.Collect$$$$00000004  mc_w.l(entry5.o)
    0x080000f4   0x080000f4   0x00000000   Code   RO         4023    .ARM.Collect$$$$00000008  mc_w.l(entry7b.o)
    0x080000f4   0x080000f4   0x00000000   Code   RO         4025    .ARM.Collect$$$$0000000A  mc_w.l(entry8b.o)
    0x080000f4   0x080000f4   0x00000008   Code   RO         4026    .ARM.Collect$$$$0000000B  mc_w.l(entry9a.o)
    0x080000fc   0x080000fc   0x00000000   Code   RO         4028    .ARM.Collect$$$$0000000D  mc_w.l(entry10a.o)
    0x080000fc   0x080000fc   0x00000000   Code   RO         4030    .ARM.Collect$$$$0000000F  mc_w.l(entry11a.o)
    0x080000fc   0x080000fc   0x00000004   Code   RO         4019    .ARM.Collect$$$$00002712  mc_w.l(entry2.o)
    0x08000100   0x08000100   0x00000096   Code   RO         3422    .emb_text           port.o
    0x08000196   0x08000196   0x00000002   PAD
    0x08000198   0x08000198   0x00000024   Code   RO            4    .text               startup_stm32f103xb.o
    0x080001bc   0x080001bc   0x00000020   Code   RO         3747    .text               mc_w.l(llushr.o)
    0x080001dc   0x080001dc   0x00000024   Code   RO         3751    .text               mc_w.l(memseta.o)
    0x08000200   0x08000200   0x00000020   Code   RO         3753    .text               mc_w.l(strrchr.o)
    0x08000220   0x08000220   0x00000062   Code   RO         4035    .text               mc_w.l(uldiv.o)
    0x08000282   0x08000282   0x00000002   PAD
    0x08000284   0x08000284   0x00000024   Code   RO         4048    .text               mc_w.l(init.o)
    0x080002a8   0x080002a8   0x0000001e   Code   RO         4050    .text               mc_w.l(llshl.o)
    0x080002c6   0x080002c6   0x0000005c   Code   RO          517    i.ADC_ConversionStop_Disable  stm32f1xx_hal_adc.o
    0x08000322   0x08000322   0x00000052   Code   RO          518    i.ADC_DMAConvCplt   stm32f1xx_hal_adc.o
    0x08000374   0x08000374   0x0000001e   Code   RO          519    i.ADC_DMAError      stm32f1xx_hal_adc.o
    0x08000392   0x08000392   0x0000000e   Code   RO          520    i.ADC_DMAHalfConvCplt  stm32f1xx_hal_adc.o
    0x080003a0   0x080003a0   0x00000090   Code   RO          521    i.ADC_Enable        stm32f1xx_hal_adc.o
    0x08000430   0x08000430   0x000000a8   Code   RO         3496    i.APP_FreeRTOS_Start  app_freertos.o
    0x080004d8   0x080004d8   0x00000004   Code   RO          387    i.BusFault_Handler  stm32f1xx_it.o
    0x080004dc   0x080004dc   0x00000010   Code   RO          388    i.DMA1_Channel1_IRQHandler  stm32f1xx_it.o
    0x080004ec   0x080004ec   0x0000002c   Code   RO         1178    i.DMA_SetConfig     stm32f1xx_hal_dma.o
    0x08000518   0x08000518   0x00000002   Code   RO          389    i.DebugMon_Handler  stm32f1xx_it.o
    0x0800051a   0x0800051a   0x00000006   Code   RO           13    i.Error_Handler     main.o
    0x08000520   0x08000520   0x00000160   Code   RO          523    i.HAL_ADC_ConfigChannel  stm32f1xx_hal_adc.o
    0x08000680   0x08000680   0x00000002   Code   RO          524    i.HAL_ADC_ConvCpltCallback  stm32f1xx_hal_adc.o
    0x08000682   0x08000682   0x00000002   Code   RO          525    i.HAL_ADC_ConvHalfCpltCallback  stm32f1xx_hal_adc.o
    0x08000684   0x08000684   0x00000002   Code   RO          527    i.HAL_ADC_ErrorCallback  stm32f1xx_hal_adc.o
    0x08000686   0x08000686   0x00000002   PAD
    0x08000688   0x08000688   0x00000144   Code   RO          532    i.HAL_ADC_Init      stm32f1xx_hal_adc.o
    0x080007cc   0x080007cc   0x000000b0   Code   RO          238    i.HAL_ADC_MspInit   adc.o
    0x0800087c   0x0800087c   0x00000180   Code   RO          539    i.HAL_ADC_Start_DMA  stm32f1xx_hal_adc.o
    0x080009fc   0x080009fc   0x0000019c   Code   RO         1184    i.HAL_DMA_IRQHandler  stm32f1xx_hal_dma.o
    0x08000b98   0x08000b98   0x00000068   Code   RO         1185    i.HAL_DMA_Init      stm32f1xx_hal_dma.o
    0x08000c00   0x08000c00   0x0000009c   Code   RO         1189    i.HAL_DMA_Start_IT  stm32f1xx_hal_dma.o
    0x08000c9c   0x08000c9c   0x00000028   Code   RO          800    i.HAL_Delay         stm32f1xx_hal.o
    0x08000cc4   0x08000cc4   0x00000320   Code   RO         1115    i.HAL_GPIO_Init     stm32f1xx_hal_gpio.o
    0x08000fe4   0x08000fe4   0x00000010   Code   RO         1117    i.HAL_GPIO_ReadPin  stm32f1xx_hal_gpio.o
    0x08000ff4   0x08000ff4   0x0000000c   Code   RO         1119    i.HAL_GPIO_WritePin  stm32f1xx_hal_gpio.o
    0x08001000   0x08001000   0x0000000c   Code   RO          804    i.HAL_GetTick       stm32f1xx_hal.o
    0x0800100c   0x0800100c   0x00000018   Code   RO          810    i.HAL_IncTick       stm32f1xx_hal.o
    0x08001024   0x08001024   0x00000028   Code   RO          811    i.HAL_Init          stm32f1xx_hal.o
    0x0800104c   0x0800104c   0x0000004c   Code   RO          812    i.HAL_InitTick      stm32f1xx_hal.o
    0x08001098   0x08001098   0x00000054   Code   RO          457    i.HAL_MspInit       stm32f1xx_hal_msp.o
    0x080010ec   0x080010ec   0x00000020   Code   RO         1275    i.HAL_NVIC_EnableIRQ  stm32f1xx_hal_cortex.o
    0x0800110c   0x0800110c   0x0000007c   Code   RO         1281    i.HAL_NVIC_SetPriority  stm32f1xx_hal_cortex.o
    0x08001188   0x08001188   0x00000028   Code   RO         1282    i.HAL_NVIC_SetPriorityGrouping  stm32f1xx_hal_cortex.o
    0x080011b0   0x080011b0   0x00000130   Code   RO         1077    i.HAL_RCCEx_PeriphCLKConfig  stm32f1xx_hal_rcc_ex.o
    0x080012e0   0x080012e0   0x0000018c   Code   RO          968    i.HAL_RCC_ClockConfig  stm32f1xx_hal_rcc.o
    0x0800146c   0x0800146c   0x0000000c   Code   RO          973    i.HAL_RCC_GetHCLKFreq  stm32f1xx_hal_rcc.o
    0x08001478   0x08001478   0x00000020   Code   RO          975    i.HAL_RCC_GetPCLK1Freq  stm32f1xx_hal_rcc.o
    0x08001498   0x08001498   0x00000020   Code   RO          976    i.HAL_RCC_GetPCLK2Freq  stm32f1xx_hal_rcc.o
    0x080014b8   0x080014b8   0x00000070   Code   RO          977    i.HAL_RCC_GetSysClockFreq  stm32f1xx_hal_rcc.o
    0x08001528   0x08001528   0x00000464   Code   RO          980    i.HAL_RCC_OscConfig  stm32f1xx_hal_rcc.o
    0x0800198c   0x0800198c   0x000000be   Code   RO         1812    i.HAL_SPI_Init      stm32f1xx_hal_spi.o
    0x08001a4a   0x08001a4a   0x00000002   PAD
    0x08001a4c   0x08001a4c   0x0000009c   Code   RO          304    i.HAL_SPI_MspInit   spi.o
    0x08001ae8   0x08001ae8   0x00000248   Code   RO         1821    i.HAL_SPI_TransmitReceive  stm32f1xx_hal_spi.o
    0x08001d30   0x08001d30   0x00000034   Code   RO         1286    i.HAL_SYSTICK_Config  stm32f1xx_hal_cortex.o
    0x08001d64   0x08001d64   0x00000076   Code   RO         2189    i.HAL_UART_Init     stm32f1xx_hal_uart.o
    0x08001dda   0x08001dda   0x00000002   PAD
    0x08001ddc   0x08001ddc   0x00000088   Code   RO          346    i.HAL_UART_MspInit  usart.o
    0x08001e64   0x08001e64   0x000000be   Code   RO         2197    i.HAL_UART_Transmit  stm32f1xx_hal_uart.o
    0x08001f22   0x08001f22   0x00000004   Code   RO          390    i.HardFault_Handler  stm32f1xx_it.o
    0x08001f26   0x08001f26   0x00000002   PAD
    0x08001f28   0x08001f28   0x00000020   Code   RO         3711    i.Joystick_GetData  int_joystick.o
    0x08001f48   0x08001f48   0x00000018   Code   RO         3712    i.Joystick_Init     int_joystick.o
    0x08001f60   0x08001f60   0x00000170   Code   RO         3684    i.Key_Get           int_key.o
    0x080020d0   0x080020d0   0x000000a0   Code   RO          239    i.MX_ADC1_Init      adc.o
    0x08002170   0x08002170   0x00000034   Code   RO          279    i.MX_DMA_Init       dma.o
    0x080021a4   0x080021a4   0x000000f0   Code   RO          213    i.MX_GPIO_Init      gpio.o
    0x08002294   0x08002294   0x00000044   Code   RO          305    i.MX_SPI1_Init      spi.o
    0x080022d8   0x080022d8   0x00000038   Code   RO          347    i.MX_USART1_UART_Init  usart.o
    0x08002310   0x08002310   0x00000004   Code   RO          391    i.MemManage_Handler  stm32f1xx_it.o
    0x08002314   0x08002314   0x00000004   Code   RO          392    i.NMI_Handler       stm32f1xx_it.o
    0x08002318   0x08002318   0x00000028   Code   RO          981    i.RCC_Delay         stm32f1xx_hal_rcc.o
    0x08002340   0x08002340   0x000000f0   Code   RO         3595    i.SI24R1_Init       int_si24r1.o
    0x08002430   0x08002430   0x00000064   Code   RO         3596    i.SI24R1_RX_Mode    int_si24r1.o
    0x08002494   0x08002494   0x00000048   Code   RO         3597    i.SI24R1_Read_Buf   int_si24r1.o
    0x080024dc   0x080024dc   0x00000030   Code   RO         3598    i.SI24R1_Read_Reg   int_si24r1.o
    0x0800250c   0x0800250c   0x00000064   Code   RO         3600    i.SI24R1_TX_Mode    int_si24r1.o
    0x08002570   0x08002570   0x00000048   Code   RO         3601    i.SI24R1_Test_Error  int_si24r1.o
    0x080025b8   0x080025b8   0x00000074   Code   RO         3602    i.SI24R1_TxPacket   int_si24r1.o
    0x0800262c   0x0800262c   0x00000048   Code   RO         3603    i.SI24R1_Write_Buf  int_si24r1.o
    0x08002674   0x08002674   0x00000034   Code   RO         3604    i.SI24R1_Write_Reg  int_si24r1.o
    0x080026a8   0x080026a8   0x00000044   Code   RO         1850    i.SPI_EndRxTxTransaction  stm32f1xx_hal_spi.o
    0x080026ec   0x080026ec   0x00000020   Code   RO         3605    i.SPI_RW            int_si24r1.o
    0x0800270c   0x0800270c   0x000000d8   Code   RO         1855    i.SPI_WaitFlagStateUntilTimeout  stm32f1xx_hal_spi.o
    0x080027e4   0x080027e4   0x00000014   Code   RO          393    i.SysTick_Handler   stm32f1xx_it.o
    0x080027f8   0x080027f8   0x00000084   Code   RO           14    i.SystemClock_Config  main.o
    0x0800287c   0x0800287c   0x00000002   Code   RO         2533    i.SystemInit        system_stm32f1xx.o
    0x0800287e   0x0800287e   0x0000006c   Code   RO         2212    i.UART_EndRxTransfer  stm32f1xx_hal_uart.o
    0x080028ea   0x080028ea   0x00000002   PAD
    0x080028ec   0x080028ec   0x000000fc   Code   RO         2216    i.UART_SetConfig    stm32f1xx_hal_uart.o
    0x080029e8   0x080029e8   0x0000008c   Code   RO         2220    i.UART_WaitOnFlagUntilTimeout  stm32f1xx_hal_uart.o
    0x08002a74   0x08002a74   0x00000004   Code   RO          394    i.UsageFault_Handler  stm32f1xx_it.o
    0x08002a78   0x08002a78   0x00000020   Code   RO         3964    i.__0printf$8       mc_w.l(printf8.o)
    0x08002a98   0x08002a98   0x00000010   Code   RO         1288    i.__NVIC_GetPriorityGrouping  stm32f1xx_hal_cortex.o
    0x08002aa8   0x08002aa8   0x00000028   Code   RO         1289    i.__NVIC_SetPriority  stm32f1xx_hal_cortex.o
    0x08002ad0   0x08002ad0   0x0000000e   Code   RO         4058    i.__scatterload_copy  mc_w.l(handlers.o)
    0x08002ade   0x08002ade   0x00000002   Code   RO         4059    i.__scatterload_null  mc_w.l(handlers.o)
    0x08002ae0   0x08002ae0   0x0000000e   Code   RO         4060    i.__scatterload_zeroinit  mc_w.l(handlers.o)
    0x08002aee   0x08002aee   0x00000002   PAD
    0x08002af0   0x08002af0   0x00000410   Code   RO         3971    i._printf_core      mc_w.l(printf8.o)
    0x08002f00   0x08002f00   0x00000024   Code   RO         3972    i._printf_post_padding  mc_w.l(printf8.o)
    0x08002f24   0x08002f24   0x0000002e   Code   RO         3973    i._printf_pre_padding  mc_w.l(printf8.o)
    0x08002f52   0x08002f52   0x00000002   PAD
    0x08002f54   0x08002f54   0x0000002c   Code   RO         3497    i.comm_task         app_freertos.o
    0x08002f80   0x08002f80   0x0000001c   Code   RO         2570    i.fputc             com_debug.o
    0x08002f9c   0x08002f9c   0x0000009c   Code   RO         3498    i.joystick_task     app_freertos.o
    0x08003038   0x08003038   0x0000008c   Code   RO         3499    i.key_task          app_freertos.o
    0x080030c4   0x080030c4   0x00000080   Code   RO           15    i.main              main.o
    0x08003144   0x08003144   0x0000003c   Code   RO         3500    i.power_task        app_freertos.o
    0x08003180   0x08003180   0x000000c0   Code   RO         3049    i.prvAddCurrentTaskToDelayedList  tasks.o
    0x08003240   0x08003240   0x000000e4   Code   RO         3050    i.prvAddNewTaskToReadyList  tasks.o
    0x08003324   0x08003324   0x00000048   Code   RO         3051    i.prvCheckTasksWaitingTermination  tasks.o
    0x0800336c   0x0800336c   0x00000012   Code   RO         3052    i.prvDeleteTCB      tasks.o
    0x0800337e   0x0800337e   0x00000002   PAD
    0x08003380   0x08003380   0x00000070   Code   RO         3361    i.prvHeapInit       heap_4.o
    0x080033f0   0x080033f0   0x00000028   Code   RO         3053    i.prvIdleTask       tasks.o
    0x08003418   0x08003418   0x0000007a   Code   RO         3054    i.prvInitialiseNewTask  tasks.o
    0x08003492   0x08003492   0x00000002   PAD
    0x08003494   0x08003494   0x00000068   Code   RO         3055    i.prvInitialiseTaskLists  tasks.o
    0x080034fc   0x080034fc   0x00000068   Code   RO         3362    i.prvInsertBlockIntoFreeList  heap_4.o
    0x08003564   0x08003564   0x00000030   Code   RO         3056    i.prvResetNextTaskUnblockTime  tasks.o
    0x08003594   0x08003594   0x00000016   Code   RO         3423    i.prvTaskExitError  port.o
    0x080035aa   0x080035aa   0x00000002   PAD
    0x080035ac   0x080035ac   0x000000e4   Code   RO         3364    i.pvPortMalloc      heap_4.o
    0x08003690   0x08003690   0x00000024   Code   RO         3424    i.pxPortInitialiseStack  port.o
    0x080036b4   0x080036b4   0x00000028   Code   RO         2730    i.uxListRemove      list.o
    0x080036dc   0x080036dc   0x0000001a   Code   RO         2731    i.vListInitialise   list.o
    0x080036f6   0x080036f6   0x00000006   Code   RO         2732    i.vListInitialiseItem  list.o
    0x080036fc   0x080036fc   0x00000034   Code   RO         2733    i.vListInsert       list.o
    0x08003730   0x08003730   0x00000024   Code   RO         3426    i.vPortEnterCritical  port.o
    0x08003754   0x08003754   0x00000020   Code   RO         3427    i.vPortExitCritical  port.o
    0x08003774   0x08003774   0x0000004c   Code   RO         3365    i.vPortFree         heap_4.o
    0x080037c0   0x080037c0   0x00000018   Code   RO         3428    i.vPortSetupTimerInterrupt  port.o
    0x080037d8   0x080037d8   0x00000034   Code   RO         3064    i.vTaskDelay        tasks.o
    0x0800380c   0x0800380c   0x0000006c   Code   RO         3076    i.vTaskStartScheduler  tasks.o
    0x08003878   0x08003878   0x00000010   Code   RO         3078    i.vTaskSuspendAll   tasks.o
    0x08003888   0x08003888   0x00000060   Code   RO         3079    i.vTaskSwitchContext  tasks.o
    0x080038e8   0x080038e8   0x00000034   Code   RO         3429    i.xPortStartScheduler  port.o
    0x0800391c   0x0800391c   0x00000034   Code   RO         3430    i.xPortSysTickHandler  port.o
    0x08003950   0x08003950   0x00000068   Code   RO         3082    i.xTaskCreate       tasks.o
    0x080039b8   0x080039b8   0x00000074   Code   RO         3083    i.xTaskDelayUntil   tasks.o
    0x08003a2c   0x08003a2c   0x00000020   Code   RO         3089    i.xTaskGetSchedulerState  tasks.o
    0x08003a4c   0x08003a4c   0x0000000c   Code   RO         3090    i.xTaskGetTickCount  tasks.o
    0x08003a58   0x08003a58   0x00000190   Code   RO         3092    i.xTaskIncrementTick  tasks.o
    0x08003be8   0x08003be8   0x0000015c   Code   RO         3094    i.xTaskResumeAll    tasks.o
    0x08003d44   0x08003d44   0x00000012   Data   RO          982    .constdata          stm32f1xx_hal_rcc.o
    0x08003d56   0x08003d56   0x00000018   Data   RO         2534    .constdata          system_stm32f1xx.o
    0x08003d6e   0x08003d6e   0x00000002   PAD
    0x08003d70   0x08003d70   0x00000020   Data   RO         4056    Region$$Table       anon$$obj.o


    Execution Region RW_IRAM1 (Exec base: 0x20000000, Load base: 0x08003d90, Size: 0x00004aa0, Max: 0x00005000, ABSOLUTE)

    Exec Addr    Load Addr    Size         Type   Attr      Idx    E Section Name        Object

    0x20000000   0x08003d90   0x00000009   Data   RW          818    .data               stm32f1xx_hal.o
    0x20000009   0x08003d99   0x00000003   PAD
    0x2000000c   0x08003d9c   0x00000004   Data   RW         2535    .data               system_stm32f1xx.o
    0x20000010   0x08003da0   0x00000040   Data   RW         3097    .data               tasks.o
    0x20000050   0x08003de0   0x0000001c   Data   RW         3371    .data               heap_4.o
    0x2000006c   0x08003dfc   0x00000004   Data   RW         3431    .data               port.o
    0x20000070   0x08003e00   0x00000038   Data   RW         3501    .data               app_freertos.o
    0x200000a8   0x08003e38   0x0000000a   Data   RW         3606    .data               int_si24r1.o
    0x200000b2   0x08003e42   0x00000008   Data   RW         3713    .data               int_joystick.o
    0x200000ba   0x08003e4a   0x00000002   PAD
    0x200000bc   0x08003e4c   0x00000004   Data   RW         4032    .data               mc_w.l(stdout.o)
    0x200000c0        -       0x00000074   Zero   RW          240    .bss                adc.o
    0x20000134        -       0x00000058   Zero   RW          306    .bss                spi.o
    0x2000018c        -       0x00000048   Zero   RW          348    .bss                usart.o
    0x200001d4        -       0x000000c8   Zero   RW         3096    .bss                tasks.o
    0x2000029c        -       0x00004400   Zero   RW         3370    .bss                heap_4.o
    0x2000469c   0x08003e50   0x00000004   PAD
    0x200046a0        -       0x00000400   Zero   RW            1    STACK               startup_stm32f103xb.o


==============================================================================

Image component sizes


      Code (inc. data)   RO Data    RW Data    ZI Data      Debug   Object Name

       336         32          0          0        116       1827   adc.o
       568        222          0         56          0       3878   app_freertos.o
        28          6          0          0          0        512   com_debug.o
         0          0          0          0          0       8044   croutine.o
        52          4          0          0          0        754   dma.o
         0          0          0          0          0       2520   event_groups.o
       240         12          0          0          0        995   gpio.o
       520         58          0         28      17408       4447   heap_4.o
        56         16          0          8          0       1990   int_joystick.o
       368          4          0          0          0       1330   int_key.o
       904        196          0         10          0       6477   int_si24r1.o
       124          0          0          0          0       2505   list.o
       266         52          0          0          0     430096   main.o
       404         48          0          4          0       8752   port.o
       224         26          0          0         88       1717   spi.o
        36          8        236          0       1024        808   startup_stm32f103xb.o
       192         36          0          9          0       5937   stm32f1xx_hal.o
      1428         56          0          0          0       8406   stm32f1xx_hal_adc.o
       304         22          0          0          0      29463   stm32f1xx_hal_cortex.o
       716          8          0          0          0       3515   stm32f1xx_hal_dma.o
       828         34          0          0          0       3335   stm32f1xx_hal_gpio.o
        84          8          0          0          0        906   stm32f1xx_hal_msp.o
      1748         98         18          0          0       6008   stm32f1xx_hal_rcc.o
       304         14          0          0          0       1412   stm32f1xx_hal_rcc_ex.o
      1058          6          0          0          0       4465   stm32f1xx_hal_spi.o
       808          4          0          0          0       4412   stm32f1xx_hal_uart.o
        58          6          0          0          0       3606   stm32f1xx_it.o
         2          0         24          4          0       1131   system_stm32f1xx.o
      2108        284          0         64        200      27190   tasks.o
       192         24          0          0         72       1682   usart.o

    ----------------------------------------------------------------------
     13974       1284        312        188      18912     578120   Object Totals
         0          0         32          0          0          0   (incl. Generated)
        18          0          2          5          4          0   (incl. Padding)

    ----------------------------------------------------------------------

      Code (inc. data)   RO Data    RW Data    ZI Data      Debug   Library Member Name

         0          0          0          0          0          0   entry.o
         0          0          0          0          0          0   entry10a.o
         0          0          0          0          0          0   entry11a.o
         8          4          0          0          0          0   entry2.o
         4          0          0          0          0          0   entry5.o
         0          0          0          0          0          0   entry7b.o
         0          0          0          0          0          0   entry8b.o
         8          4          0          0          0          0   entry9a.o
        30          0          0          0          0          0   handlers.o
        36          8          0          0          0         68   init.o
        30          0          0          0          0         68   llshl.o
        32          0          0          0          0         68   llushr.o
        36          0          0          0          0        108   memseta.o
      1154         54          0          0          0        352   printf8.o
         0          0          0          4          0          0   stdout.o
        32          0          0          0          0         68   strrchr.o
        98          0          0          0          0         92   uldiv.o

    ----------------------------------------------------------------------
      1474         70          0          4          0        824   Library Totals
         6          0          0          0          0          0   (incl. Padding)

    ----------------------------------------------------------------------

      Code (inc. data)   RO Data    RW Data    ZI Data      Debug   Library Name

      1468         70          0          4          0        824   mc_w.l

    ----------------------------------------------------------------------
      1474         70          0          4          0        824   Library Totals

    ----------------------------------------------------------------------

==============================================================================


      Code (inc. data)   RO Data    RW Data    ZI Data      Debug   

     15448       1354        312        192      18912     572752   Grand Totals
     15448       1354        312        192      18912     572752   ELF Image Totals
     15448       1354        312        192          0          0   ROM Totals

==============================================================================

    Total RO  Size (Code + RO Data)                15760 (  15.39kB)
    Total RW  Size (RW Data + ZI Data)             19104 (  18.66kB)
    Total ROM Size (Code + RO Data + RW Data)      15952 (  15.58kB)

==============================================================================

